[0.000000] (-) TimerEvent: {}
[0.000245] (-) JobUnselected: {'identifier': 'FMT'}
[0.000462] (-) JobUnselected: {'identifier': 'FortranCInterface'}
[0.000494] (-) JobUnselected: {'identifier': 'IntelFortranImplicit'}
[0.000595] (-) JobUnselected: {'identifier': 'absl-py'}
[0.000683] (-) JobUnselected: {'identifier': 'action_msgs'}
[0.000720] (-) JobUnselected: {'identifier': 'action_msgs'}
[0.000800] (-) JobUnselected: {'identifier': 'actionlib_msgs'}
[0.000837] (-) JobUnselected: {'identifier': 'actionlib_msgs'}
[0.000861] (-) JobUnselected: {'identifier': 'actuator_msgs'}
[0.000995] (-) JobUnselected: {'identifier': 'ament_clang_format'}
[0.001026] (-) JobUnselected: {'identifier': 'ament_cmake'}
[0.001070] (-) JobUnselected: {'identifier': 'ament_cmake_auto'}
[0.001093] (-) JobUnselected: {'identifier': 'ament_cmake_clang_format'}
[0.001122] (-) JobUnselected: {'identifier': 'ament_cmake_copyright'}
[0.001205] (-) JobUnselected: {'identifier': 'ament_cmake_core'}
[0.001293] (-) JobUnselected: {'identifier': 'ament_cmake_cppcheck'}
[0.001323] (-) JobUnselected: {'identifier': 'ament_cmake_cpplint'}
[0.001342] (-) JobUnselected: {'identifier': 'ament_cmake_export_definitions'}
[0.001359] (-) JobUnselected: {'identifier': 'ament_cmake_export_dependencies'}
[0.001489] (-) JobUnselected: {'identifier': 'ament_cmake_export_include_directories'}
[0.001524] (-) JobUnselected: {'identifier': 'ament_cmake_export_interfaces'}
[0.001554] (-) JobUnselected: {'identifier': 'ament_cmake_export_libraries'}
[0.001593] (-) JobUnselected: {'identifier': 'ament_cmake_export_link_flags'}
[0.001617] (-) JobUnselected: {'identifier': 'ament_cmake_export_targets'}
[0.001642] (-) JobUnselected: {'identifier': 'ament_cmake_flake8'}
[0.001666] (-) JobUnselected: {'identifier': 'ament_cmake_gen_version_h'}
[0.001684] (-) JobUnselected: {'identifier': 'ament_cmake_gmock'}
[0.001708] (-) JobUnselected: {'identifier': 'ament_cmake_gtest'}
[0.001725] (-) JobUnselected: {'identifier': 'ament_cmake_include_directories'}
[0.001741] (-) JobUnselected: {'identifier': 'ament_cmake_libraries'}
[0.001780] (-) JobUnselected: {'identifier': 'ament_cmake_lint_cmake'}
[0.001804] (-) JobUnselected: {'identifier': 'ament_cmake_pep257'}
[0.001824] (-) JobUnselected: {'identifier': 'ament_cmake_pytest'}
[0.001841] (-) JobUnselected: {'identifier': 'ament_cmake_python'}
[0.001859] (-) JobUnselected: {'identifier': 'ament_cmake_ros'}
[0.001911] (-) JobUnselected: {'identifier': 'ament_cmake_target_dependencies'}
[0.001939] (-) JobUnselected: {'identifier': 'ament_cmake_test'}
[0.001970] (-) JobUnselected: {'identifier': 'ament_cmake_uncrustify'}
[0.001987] (-) JobUnselected: {'identifier': 'ament_cmake_version'}
[0.002001] (-) JobUnselected: {'identifier': 'ament_cmake_xmllint'}
[0.002019] (-) JobUnselected: {'identifier': 'ament_copyright'}
[0.002044] (-) JobUnselected: {'identifier': 'ament_cppcheck'}
[0.002069] (-) JobUnselected: {'identifier': 'ament_cpplint'}
[0.002092] (-) JobUnselected: {'identifier': 'ament_flake8'}
[0.002115] (-) JobUnselected: {'identifier': 'ament_index_cpp'}
[0.002169] (-) JobUnselected: {'identifier': 'ament_index_cpp'}
[0.002194] (-) JobUnselected: {'identifier': 'ament_index_python'}
[0.002211] (-) JobUnselected: {'identifier': 'ament_index_python'}
[0.002227] (-) JobUnselected: {'identifier': 'ament_lint'}
[0.002242] (-) JobUnselected: {'identifier': 'ament_lint_auto'}
[0.002258] (-) JobUnselected: {'identifier': 'ament_lint_cmake'}
[0.002273] (-) JobUnselected: {'identifier': 'ament_lint_common'}
[0.002329] (-) JobUnselected: {'identifier': 'ament_package'}
[0.002358] (-) JobUnselected: {'identifier': 'ament_pep257'}
[0.002390] (-) JobUnselected: {'identifier': 'ament_uncrustify'}
[0.002408] (-) JobUnselected: {'identifier': 'ament_xmllint'}
[0.002422] (-) JobUnselected: {'identifier': 'angles'}
[0.002439] (-) JobUnselected: {'identifier': 'backward_ros'}
[0.002454] (-) JobUnselected: {'identifier': 'builtin_interfaces'}
[0.002483] (-) JobUnselected: {'identifier': 'builtin_interfaces'}
[0.002535] (-) JobUnselected: {'identifier': 'class_loader'}
[0.002569] (-) JobUnselected: {'identifier': 'cmake_defines'}
[0.002586] (-) JobUnselected: {'identifier': 'cmake_defines'}
[0.002602] (-) JobUnselected: {'identifier': 'cmake_with_data_example'}
[0.002619] (-) JobUnselected: {'identifier': 'cmake_with_target_example'}
[0.002642] (-) JobUnselected: {'identifier': 'common_interfaces'}
[0.002763] (-) JobUnselected: {'identifier': 'common_interfaces'}
[0.002796] (-) JobUnselected: {'identifier': 'composition_interfaces'}
[0.002827] (-) JobUnselected: {'identifier': 'composition_interfaces'}
[0.002856] (-) JobUnselected: {'identifier': 'compressed_depth_image_transport'}
[0.002885] (-) JobUnselected: {'identifier': 'compressed_image_transport'}
[0.002914] (-) JobUnselected: {'identifier': 'console_bridge_vendor'}
[0.002941] (-) JobUnselected: {'identifier': 'control_msgs'}
[0.002969] (-) JobUnselected: {'identifier': 'control_toolbox'}
[0.002992] (-) JobUnselected: {'identifier': 'controller_interface'}
[0.003015] (-) JobUnselected: {'identifier': 'controller_manager'}
[0.003037] (-) JobUnselected: {'identifier': 'controller_manager_msgs'}
[0.003060] (-) JobUnselected: {'identifier': 'cv_bridge'}
[0.003110] (-) JobUnselected: {'identifier': 'cyclonedds'}
[0.003136] (-) JobUnselected: {'identifier': 'diagnostic_msgs'}
[0.003153] (-) JobUnselected: {'identifier': 'diagnostic_msgs'}
[0.003181] (-) JobUnselected: {'identifier': 'domain_coordinator'}
[0.003198] (-) JobUnselected: {'identifier': 'drake'}
[0.003222] (-) JobUnselected: {'identifier': 'drake'}
[0.003270] (-) JobUnselected: {'identifier': 'drake'}
[0.003298] (-) JobUnselected: {'identifier': 'drake'}
[0.003330] (-) JobUnselected: {'identifier': 'drake'}
[0.003347] (-) JobUnselected: {'identifier': 'drake'}
[0.003360] (-) JobUnselected: {'identifier': 'drake'}
[0.003377] (-) JobUnselected: {'identifier': 'drake'}
[0.003402] (-) JobUnselected: {'identifier': 'drake'}
[0.003427] (-) JobUnselected: {'identifier': 'drake_models'}
[0.003450] (-) JobUnselected: {'identifier': 'drake_models'}
[0.003473] (-) JobUnselected: {'identifier': 'drake_models'}
[0.003529] (-) JobUnselected: {'identifier': 'drake_models'}
[0.003555] (-) JobUnselected: {'identifier': 'drake_models'}
[0.003573] (-) JobUnselected: {'identifier': 'drake_models'}
[0.003601] (-) JobUnselected: {'identifier': 'drake_models'}
[0.003617] (-) JobUnselected: {'identifier': 'drake_models'}
[0.003640] (-) JobUnselected: {'identifier': 'eigen3_cmake_module'}
[0.003689] (-) JobUnselected: {'identifier': 'eigen_stl_containers'}
[0.003722] (-) JobUnselected: {'identifier': 'eigenpy'}
[0.003753] (-) JobUnselected: {'identifier': 'fastrtps_cmake_module'}
[0.003770] (-) JobUnselected: {'identifier': 'filters'}
[0.003784] (-) JobUnselected: {'identifier': 'foonathan_memory_vendor'}
[0.003800] (-) JobUnselected: {'identifier': 'generate_parameter_library'}
[0.003832] (-) JobUnselected: {'identifier': 'generate_parameter_library_py'}
[0.003888] (-) JobUnselected: {'identifier': 'geometric_shapes'}
[0.003914] (-) JobUnselected: {'identifier': 'geometry2'}
[0.003931] (-) JobUnselected: {'identifier': 'geometry_msgs'}
[0.003958] (-) JobUnselected: {'identifier': 'geometry_msgs'}
[0.003975] (-) JobUnselected: {'identifier': 'gmock'}
[0.003998] (-) JobUnselected: {'identifier': 'gmock_vendor'}
[0.004179] (-) JobUnselected: {'identifier': 'gps_msgs'}
[0.004474] (-) JobUnselected: {'identifier': 'gtest'}
[0.004554] (-) JobUnselected: {'identifier': 'gtest_vendor'}
[0.004628] (-) JobUnselected: {'identifier': 'hardware_interface'}
[0.004683] (-) JobUnselected: {'identifier': 'hardware_interface_testing'}
[0.004734] (-) JobUnselected: {'identifier': 'hellolib'}
[0.004782] (-) JobUnselected: {'identifier': 'hellolib'}
[0.004830] (-) JobUnselected: {'identifier': 'hellolib'}
[0.004877] (-) JobUnselected: {'identifier': 'hellolib'}
[0.004923] (-) JobUnselected: {'identifier': 'hpp-fcl'}
[0.004969] (-) JobUnselected: {'identifier': 'ignition_cmake2_vendor'}
[0.005015] (-) JobUnselected: {'identifier': 'ignition_math6_vendor'}
[0.005062] (-) JobUnselected: {'identifier': 'image_transport'}
[0.005112] (-) JobUnselected: {'identifier': 'image_transport_plugins'}
[0.005162] (-) JobUnselected: {'identifier': 'interactive_markers'}
[0.005208] (-) JobUnselected: {'identifier': 'joint_state_broadcaster'}
[0.005281] (-) JobUnselected: {'identifier': 'joint_state_publisher'}
[0.005334] (-) JobUnselected: {'identifier': 'joint_state_publisher_gui'}
[0.005383] (-) JobUnselected: {'identifier': 'joint_trajectory_controller'}
[0.005434] (-) JobUnselected: {'identifier': 'kdl_parser'}
[0.005483] (-) JobUnselected: {'identifier': 'keyboard_handler'}
[0.005531] (-) JobUnselected: {'identifier': 'laser_geometry'}
[0.005580] (-) JobUnselected: {'identifier': 'launch'}
[0.005627] (-) JobUnselected: {'identifier': 'launch_ros'}
[0.005673] (-) JobUnselected: {'identifier': 'launch_testing'}
[0.005723] (-) JobUnselected: {'identifier': 'launch_testing_ament_cmake'}
[0.005771] (-) JobUnselected: {'identifier': 'launch_testing_ros'}
[0.005818] (-) JobUnselected: {'identifier': 'launch_xml'}
[0.005864] (-) JobUnselected: {'identifier': 'launch_yaml'}
[0.005910] (-) JobUnselected: {'identifier': 'lcm_ros2_bridge'}
[0.005954] (-) JobUnselected: {'identifier': 'liba'}
[0.006000] (-) JobUnselected: {'identifier': 'liba'}
[0.006047] (-) JobUnselected: {'identifier': 'libb'}
[0.006092] (-) JobUnselected: {'identifier': 'libb'}
[0.006138] (-) JobUnselected: {'identifier': 'libc'}
[0.006182] (-) JobUnselected: {'identifier': 'libcurl_vendor'}
[0.006229] (-) JobUnselected: {'identifier': 'libstatistics_collector'}
[0.006274] (-) JobUnselected: {'identifier': 'libstatistics_collector'}
[0.006328] (-) JobUnselected: {'identifier': 'libyaml_vendor'}
[0.006381] (-) JobUnselected: {'identifier': 'lifecycle_msgs'}
[0.006430] (-) JobUnselected: {'identifier': 'lifecycle_msgs'}
[0.006478] (-) JobUnselected: {'identifier': 'map_msgs'}
[0.006526] (-) JobUnselected: {'identifier': 'message_filters'}
[0.006575] (-) JobUnselected: {'identifier': 'moveit_common'}
[0.006621] (-) JobUnselected: {'identifier': 'moveit_core'}
[0.006667] (-) JobUnselected: {'identifier': 'moveit_kinematics'}
[0.006716] (-) JobUnselected: {'identifier': 'moveit_msgs'}
[0.006762] (-) JobUnselected: {'identifier': 'moveit_planners_ompl'}
[0.006806] (-) JobUnselected: {'identifier': 'moveit_ros_move_group'}
[0.006851] (-) JobUnselected: {'identifier': 'moveit_ros_occupancy_map_monitor'}
[0.006897] (-) JobUnselected: {'identifier': 'moveit_ros_planning'}
[0.006945] (-) JobUnselected: {'identifier': 'moveit_ros_planning_interface'}
[0.006990] (-) JobUnselected: {'identifier': 'moveit_ros_robot_interaction'}
[0.007036] (-) JobUnselected: {'identifier': 'moveit_ros_visualization'}
[0.007082] (-) JobUnselected: {'identifier': 'moveit_ros_warehouse'}
[0.007127] (-) JobUnselected: {'identifier': 'moveit_simple_controller_manager'}
[0.007171] (-) JobUnselected: {'identifier': 'my-test-package'}
[0.007215] (-) JobUnselected: {'identifier': 'nav_msgs'}
[0.007261] (-) JobUnselected: {'identifier': 'nav_msgs'}
[0.007309] (-) JobUnselected: {'identifier': 'object_recognition_msgs'}
[0.007356] (-) JobUnselected: {'identifier': 'octomap'}
[0.007404] (-) JobUnselected: {'identifier': 'octomap_msgs'}
[0.007451] (-) JobUnselected: {'identifier': 'ompl'}
[0.007496] (-) JobUnselected: {'identifier': 'orocos_kdl_vendor'}
[0.007538] (-) JobUnselected: {'identifier': 'osrf_pycommon'}
[0.007584] (-) JobUnselected: {'identifier': 'parameter_traits'}
[0.007632] (-) JobUnselected: {'identifier': 'pinocchio'}
[0.007675] (-) JobUnselected: {'identifier': 'plugin1'}
[0.007717] (-) JobUnselected: {'identifier': 'pluginlib'}
[0.007765] (-) JobUnselected: {'identifier': 'pybind11_vendor'}
[0.007807] (-) JobUnselected: {'identifier': 'python_cmake_module'}
[0.007849] (-) JobUnselected: {'identifier': 'python_orocos_kdl_vendor'}
[0.007896] (-) JobUnselected: {'identifier': 'python_qt_binding'}
[0.007943] (-) JobUnselected: {'identifier': 'qt_gui'}
[0.007988] (-) JobUnselected: {'identifier': 'qt_gui_cpp'}
[0.008035] (-) JobUnselected: {'identifier': 'qt_gui_py_common'}
[0.008080] (-) JobUnselected: {'identifier': 'random_numbers'}
[0.008128] (-) JobUnselected: {'identifier': 'rcl'}
[0.008176] (-) JobUnselected: {'identifier': 'rcl'}
[0.008227] (-) JobUnselected: {'identifier': 'rcl_action'}
[0.008274] (-) JobUnselected: {'identifier': 'rcl_action'}
[0.008447] (-) JobUnselected: {'identifier': 'rcl_interfaces'}
[0.008470] (-) JobUnselected: {'identifier': 'rcl_interfaces'}
[0.008493] (-) JobUnselected: {'identifier': 'rcl_lifecycle'}
[0.008510] (-) JobUnselected: {'identifier': 'rcl_lifecycle'}
[0.008526] (-) JobUnselected: {'identifier': 'rcl_logging_interface'}
[0.008700] (-) JobUnselected: {'identifier': 'rcl_logging_interface'}
[0.008727] (-) JobUnselected: {'identifier': 'rcl_logging_noop'}
[0.008750] (-) JobUnselected: {'identifier': 'rcl_logging_spdlog'}
[0.008764] (-) JobUnselected: {'identifier': 'rcl_logging_spdlog'}
[0.008784] (-) JobUnselected: {'identifier': 'rcl_yaml_param_parser'}
[0.008800] (-) JobUnselected: {'identifier': 'rcl_yaml_param_parser'}
[0.008818] (-) JobUnselected: {'identifier': 'rclcpp'}
[0.008832] (-) JobUnselected: {'identifier': 'rclcpp'}
[0.008852] (-) JobUnselected: {'identifier': 'rclcpp_action'}
[0.008867] (-) JobUnselected: {'identifier': 'rclcpp_action'}
[0.008886] (-) JobUnselected: {'identifier': 'rclcpp_components'}
[0.008904] (-) JobUnselected: {'identifier': 'rclcpp_components'}
[0.008922] (-) JobUnselected: {'identifier': 'rclcpp_lifecycle'}
[0.008936] (-) JobUnselected: {'identifier': 'rclcpp_lifecycle'}
[0.008956] (-) JobUnselected: {'identifier': 'rclpy'}
[0.008978] (-) JobUnselected: {'identifier': 'rcpputils'}
[0.009000] (-) JobUnselected: {'identifier': 'rcpputils'}
[0.009025] (-) JobUnselected: {'identifier': 'rcutils'}
[0.009043] (-) JobUnselected: {'identifier': 'rcutils'}
[0.009061] (-) JobUnselected: {'identifier': 'realtime_tools'}
[0.009080] (-) JobUnselected: {'identifier': 'resource_retriever'}
[0.009096] (-) JobUnselected: {'identifier': 'rmw'}
[0.009122] (-) JobUnselected: {'identifier': 'rmw'}
[0.009152] (-) JobUnselected: {'identifier': 'rmw_cyclonedds_cpp'}
[0.009172] (-) JobUnselected: {'identifier': 'rmw_cyclonedds_cpp'}
[0.009195] (-) JobUnselected: {'identifier': 'rmw_dds_common'}
[0.009212] (-) JobUnselected: {'identifier': 'rmw_dds_common'}
[0.009249] (-) JobUnselected: {'identifier': 'rmw_fastrtps_cpp'}
[0.009628] (-) JobUnselected: {'identifier': 'rmw_fastrtps_shared_cpp'}
[0.009681] (-) JobUnselected: {'identifier': 'rmw_implementation'}
[0.009736] (-) JobUnselected: {'identifier': 'rmw_implementation'}
[0.009763] (-) JobUnselected: {'identifier': 'rmw_implementation_cmake'}
[0.009784] (-) JobUnselected: {'identifier': 'rmw_implementation_cmake'}
[0.009803] (-) JobUnselected: {'identifier': 'robot_state_publisher'}
[0.009824] (-) JobUnselected: {'identifier': 'ros2_control_test_assets'}
[0.009853] (-) JobUnselected: {'identifier': 'ros2action'}
[0.009877] (-) JobUnselected: {'identifier': 'ros2bag'}
[0.009897] (-) JobUnselected: {'identifier': 'ros2cli'}
[0.009916] (-) JobUnselected: {'identifier': 'ros2cli_common_extensions'}
[0.009943] (-) JobUnselected: {'identifier': 'ros2component'}
[0.009964] (-) JobUnselected: {'identifier': 'ros2controlcli'}
[0.009984] (-) JobUnselected: {'identifier': 'ros2doctor'}
[0.010022] (-) JobUnselected: {'identifier': 'ros2interface'}
[0.010044] (-) JobUnselected: {'identifier': 'ros2launch'}
[0.010064] (-) JobUnselected: {'identifier': 'ros2lifecycle'}
[0.010090] (-) JobUnselected: {'identifier': 'ros2multicast'}
[0.010111] (-) JobUnselected: {'identifier': 'ros2node'}
[0.010130] (-) JobUnselected: {'identifier': 'ros2param'}
[0.010154] (-) JobUnselected: {'identifier': 'ros2pkg'}
[0.010176] (-) JobUnselected: {'identifier': 'ros2run'}
[0.010195] (-) JobUnselected: {'identifier': 'ros2service'}
[0.010214] (-) JobUnselected: {'identifier': 'ros2topic'}
[0.010236] (-) JobUnselected: {'identifier': 'ros2trace'}
[0.010262] (-) JobUnselected: {'identifier': 'ros_base'}
[0.010282] (-) JobUnselected: {'identifier': 'ros_core'}
[0.010304] (-) JobUnselected: {'identifier': 'ros_environment'}
[0.010325] (-) JobUnselected: {'identifier': 'ros_gz'}
[0.010366] (-) JobUnselected: {'identifier': 'ros_gz_bridge'}
[0.010391] (-) JobUnselected: {'identifier': 'ros_gz_image'}
[0.010420] (-) JobUnselected: {'identifier': 'ros_gz_interfaces'}
[0.010440] (-) JobUnselected: {'identifier': 'ros_gz_sim'}
[0.010464] (-) JobUnselected: {'identifier': 'ros_gz_sim_demos'}
[0.010488] (-) JobUnselected: {'identifier': 'ros_workspace'}
[0.010509] (-) JobUnselected: {'identifier': 'rosbag2'}
[0.010527] (-) JobUnselected: {'identifier': 'rosbag2_compression'}
[0.010549] (-) JobUnselected: {'identifier': 'rosbag2_compression_zstd'}
[0.010573] (-) JobUnselected: {'identifier': 'rosbag2_cpp'}
[0.010593] (-) JobUnselected: {'identifier': 'rosbag2_interfaces'}
[0.010616] (-) JobUnselected: {'identifier': 'rosbag2_py'}
[0.010635] (-) JobUnselected: {'identifier': 'rosbag2_storage'}
[0.010661] (-) JobUnselected: {'identifier': 'rosbag2_storage_default_plugins'}
[0.010680] (-) JobUnselected: {'identifier': 'rosbag2_transport'}
[0.010704] (-) JobUnselected: {'identifier': 'rosgraph_msgs'}
[0.010721] (-) JobUnselected: {'identifier': 'rosgraph_msgs'}
[0.010743] (-) JobUnselected: {'identifier': 'rosidl_adapter'}
[0.010763] (-) JobUnselected: {'identifier': 'rosidl_adapter'}
[0.010786] (-) JobUnselected: {'identifier': 'rosidl_cli'}
[0.010807] (-) JobUnselected: {'identifier': 'rosidl_cli'}
[0.010825] (-) JobUnselected: {'identifier': 'rosidl_cmake'}
[0.010848] (-) JobUnselected: {'identifier': 'rosidl_cmake'}
[0.010865] (-) JobUnselected: {'identifier': 'rosidl_default_generators'}
[0.010889] (-) JobUnselected: {'identifier': 'rosidl_default_runtime'}
[0.010912] (-) JobUnselected: {'identifier': 'rosidl_generator_c'}
[0.010933] (-) JobUnselected: {'identifier': 'rosidl_generator_c'}
[0.010951] (-) JobUnselected: {'identifier': 'rosidl_generator_cpp'}
[0.010973] (-) JobUnselected: {'identifier': 'rosidl_generator_cpp'}
[0.010990] (-) JobUnselected: {'identifier': 'rosidl_generator_py'}
[0.011015] (-) JobUnselected: {'identifier': 'rosidl_parser'}
[0.011039] (-) JobUnselected: {'identifier': 'rosidl_parser'}
[0.011057] (-) JobUnselected: {'identifier': 'rosidl_runtime_c'}
[0.011084] (-) JobUnselected: {'identifier': 'rosidl_runtime_c'}
[0.011108] (-) JobUnselected: {'identifier': 'rosidl_runtime_cpp'}
[0.011126] (-) JobUnselected: {'identifier': 'rosidl_runtime_cpp'}
[0.011148] (-) JobUnselected: {'identifier': 'rosidl_runtime_py'}
[0.011170] (-) JobUnselected: {'identifier': 'rosidl_typesupport_c'}
[0.011194] (-) JobUnselected: {'identifier': 'rosidl_typesupport_c'}
[0.011211] (-) JobUnselected: {'identifier': 'rosidl_typesupport_cpp'}
[0.011237] (-) JobUnselected: {'identifier': 'rosidl_typesupport_cpp'}
[0.011263] (-) JobUnselected: {'identifier': 'rosidl_typesupport_fastrtps_c'}
[0.011281] (-) JobUnselected: {'identifier': 'rosidl_typesupport_fastrtps_cpp'}
[0.011306] (-) JobUnselected: {'identifier': 'rosidl_typesupport_interface'}
[0.011331] (-) JobUnselected: {'identifier': 'rosidl_typesupport_interface'}
[0.011357] (-) JobUnselected: {'identifier': 'rosidl_typesupport_introspection_c'}
[0.011381] (-) JobUnselected: {'identifier': 'rosidl_typesupport_introspection_c'}
[0.011405] (-) JobUnselected: {'identifier': 'rosidl_typesupport_introspection_cpp'}
[0.011428] (-) JobUnselected: {'identifier': 'rosidl_typesupport_introspection_cpp'}
[0.011451] (-) JobUnselected: {'identifier': 'rosidl_typesupport_introspection_tests'}
[0.011469] (-) JobUnselected: {'identifier': 'rpyutils'}
[0.011491] (-) JobUnselected: {'identifier': 'rqt_gui'}
[0.011509] (-) JobUnselected: {'identifier': 'rqt_gui_cpp'}
[0.011531] (-) JobUnselected: {'identifier': 'rqt_gui_py'}
[0.011555] (-) JobUnselected: {'identifier': 'rqt_image_view'}
[0.011572] (-) JobUnselected: {'identifier': 'rqt_plot'}
[0.011591] (-) JobUnselected: {'identifier': 'rqt_py_common'}
[0.011607] (-) JobUnselected: {'identifier': 'rqt_topic'}
[0.011629] (-) JobUnselected: {'identifier': 'ruckig'}
[0.011648] (-) JobUnselected: {'identifier': 'rviz2'}
[0.011671] (-) JobUnselected: {'identifier': 'rviz_assimp_vendor'}
[0.011690] (-) JobUnselected: {'identifier': 'rviz_common'}
[0.011721] (-) JobUnselected: {'identifier': 'rviz_default_plugins'}
[0.011746] (-) JobUnselected: {'identifier': 'rviz_ogre_vendor'}
[0.011764] (-) JobUnselected: {'identifier': 'rviz_rendering'}
[0.011782] (-) JobUnselected: {'identifier': 'sdformat_urdf'}
[0.011799] (-) JobUnselected: {'identifier': 'sensor_msgs'}
[0.011816] (-) JobUnselected: {'identifier': 'sensor_msgs'}
[0.011832] (-) JobUnselected: {'identifier': 'sensor_msgs_py'}
[0.011855] (-) JobUnselected: {'identifier': 'sensor_msgs_py'}
[0.011872] (-) JobUnselected: {'identifier': 'shape_msgs'}
[0.011895] (-) JobUnselected: {'identifier': 'shape_msgs'}
[0.011912] (-) JobUnselected: {'identifier': 'shared_queues_vendor'}
[0.011936] (-) JobUnselected: {'identifier': 'six'}
[0.011957] (-) JobUnselected: {'identifier': 'spdlog'}
[0.011980] (-) JobUnselected: {'identifier': 'spdlog_vendor'}
[0.012003] (-) JobUnselected: {'identifier': 'sqlite3_vendor'}
[0.012025] (-) JobUnselected: {'identifier': 'srdfdom'}
[0.012042] (-) JobUnselected: {'identifier': 'sros2'}
[0.012064] (-) JobUnselected: {'identifier': 'sros2_cmake'}
[0.012087] (-) JobUnselected: {'identifier': 'statistics_msgs'}
[0.012110] (-) JobUnselected: {'identifier': 'statistics_msgs'}
[0.012132] (-) JobUnselected: {'identifier': 'std_msgs'}
[0.012154] (-) JobUnselected: {'identifier': 'std_msgs'}
[0.012177] (-) JobUnselected: {'identifier': 'std_srvs'}
[0.012199] (-) JobUnselected: {'identifier': 'std_srvs'}
[0.012216] (-) JobUnselected: {'identifier': 'stereo_msgs'}
[0.012232] (-) JobUnselected: {'identifier': 'stereo_msgs'}
[0.012249] (-) JobUnselected: {'identifier': 'tango_icons_vendor'}
[0.012266] (-) JobUnselected: {'identifier': 'tcb_span'}
[0.012284] (-) JobUnselected: {'identifier': 'test_msgs'}
[0.012302] (-) JobUnselected: {'identifier': 'test_rmw_implementation'}
[0.012319] (-) JobUnselected: {'identifier': 'test_tracetools'}
[0.012336] (-) JobUnselected: {'identifier': 'test_tracetools_launch'}
[0.012356] (-) JobUnselected: {'identifier': 'tf2'}
[0.012373] (-) JobUnselected: {'identifier': 'tf2_bullet'}
[0.012390] (-) JobUnselected: {'identifier': 'tf2_eigen'}
[0.012407] (-) JobUnselected: {'identifier': 'tf2_eigen_kdl'}
[0.012423] (-) JobUnselected: {'identifier': 'tf2_geometry_msgs'}
[0.012440] (-) JobUnselected: {'identifier': 'tf2_kdl'}
[0.012458] (-) JobUnselected: {'identifier': 'tf2_msgs'}
[0.012475] (-) JobUnselected: {'identifier': 'tf2_py'}
[0.012491] (-) JobUnselected: {'identifier': 'tf2_ros'}
[0.012507] (-) JobUnselected: {'identifier': 'tf2_ros_py'}
[0.012523] (-) JobUnselected: {'identifier': 'tf2_sensor_msgs'}
[0.012539] (-) JobUnselected: {'identifier': 'tf2_tools'}
[0.012556] (-) JobUnselected: {'identifier': 'theora_image_transport'}
[0.012571] (-) JobUnselected: {'identifier': 'tinyxml2_vendor'}
[0.012587] (-) JobUnselected: {'identifier': 'tinyxml_vendor'}
[0.012603] (-) JobUnselected: {'identifier': 'tl_expected'}
[0.012626] (-) JobUnselected: {'identifier': 'tracetools'}
[0.012644] (-) JobUnselected: {'identifier': 'tracetools'}
[0.012660] (-) JobUnselected: {'identifier': 'tracetools_launch'}
[0.012677] (-) JobUnselected: {'identifier': 'tracetools_read'}
[0.012701] (-) JobUnselected: {'identifier': 'tracetools_test'}
[0.012718] (-) JobUnselected: {'identifier': 'tracetools_trace'}
[0.012735] (-) JobUnselected: {'identifier': 'trajectory_msgs'}
[0.012751] (-) JobUnselected: {'identifier': 'trajectory_msgs'}
[0.012767] (-) JobUnselected: {'identifier': 'uncrustify_vendor'}
[0.012783] (-) JobUnselected: {'identifier': 'unique_identifier_msgs'}
[0.012800] (-) JobUnselected: {'identifier': 'urdf'}
[0.012816] (-) JobUnselected: {'identifier': 'urdf_parser_plugin'}
[0.012833] (-) JobUnselected: {'identifier': 'urdfdom'}
[0.012849] (-) JobUnselected: {'identifier': 'urdfdom_py'}
[0.012865] (-) JobUnselected: {'identifier': 'vision_msgs'}
[0.012910] (-) JobUnselected: {'identifier': 'visualization_msgs'}
[0.012929] (-) JobUnselected: {'identifier': 'visualization_msgs'}
[0.012952] (-) JobUnselected: {'identifier': 'warehouse_ros'}
[0.012982] (-) JobUnselected: {'identifier': 'xacro'}
[0.012999] (-) JobUnselected: {'identifier': 'yaml'}
[0.013016] (-) JobUnselected: {'identifier': 'yaml_cpp_vendor'}
[0.013032] (-) JobUnselected: {'identifier': 'zlib-example'}
[0.013049] (-) JobUnselected: {'identifier': 'zstd_vendor'}
[0.013068] (franka_driver_msgs) JobQueued: {'identifier': 'franka_driver_msgs', 'dependencies': OrderedDict([('ament_cppcheck', '/home/yaashiagautam/drake-franka-driver/install/ament_cppcheck'), ('ament_lint', '/home/yaashiagautam/drake-franka-driver/install/ament_lint'), ('ament_package', '/home/yaashiagautam/drake-franka-driver/install/ament_package'), ('gtest', '/home/yaashiagautam/drake-franka-driver/install/gtest'), ('gtest_vendor', '/home/yaashiagautam/drake-franka-driver/install/gtest_vendor'), ('osrf_pycommon', '/home/yaashiagautam/drake-franka-driver/install/osrf_pycommon'), ('ament_cmake_core', '/home/yaashiagautam/drake-franka-driver/install/ament_cmake_core'), ('ament_flake8', '/home/yaashiagautam/drake-franka-driver/install/ament_flake8'), ('gmock_vendor', '/home/yaashiagautam/drake-franka-driver/install/gmock_vendor'), ('ament_cmake_export_definitions', '/home/yaashiagautam/drake-franka-driver/install/ament_cmake_export_definitions'), ('ament_cmake_export_include_directories', '/home/yaashiagautam/drake-franka-driver/install/ament_cmake_export_include_directories'), ('ament_cmake_export_libraries', '/home/yaashiagautam/drake-franka-driver/install/ament_cmake_export_libraries'), ('ament_cmake_export_link_flags', '/home/yaashiagautam/drake-franka-driver/install/ament_cmake_export_link_flags'), ('ament_cmake_include_directories', '/home/yaashiagautam/drake-franka-driver/install/ament_cmake_include_directories'), ('ament_cmake_libraries', '/home/yaashiagautam/drake-franka-driver/install/ament_cmake_libraries'), ('ament_cmake_python', '/home/yaashiagautam/drake-franka-driver/install/ament_cmake_python'), ('ament_cmake_version', '/home/yaashiagautam/drake-franka-driver/install/ament_cmake_version'), ('ament_pep257', '/home/yaashiagautam/drake-franka-driver/install/ament_pep257'), ('ament_cmake_export_dependencies', '/home/yaashiagautam/drake-franka-driver/install/ament_cmake_export_dependencies'), ('ament_cmake_export_interfaces', '/home/yaashiagautam/drake-franka-driver/install/ament_cmake_export_interfaces'), ('ament_cmake_export_targets', '/home/yaashiagautam/drake-franka-driver/install/ament_cmake_export_targets'), ('ament_cmake_target_dependencies', '/home/yaashiagautam/drake-franka-driver/install/ament_cmake_target_dependencies'), ('ament_cmake_test', '/home/yaashiagautam/drake-franka-driver/install/ament_cmake_test'), ('ament_copyright', '/home/yaashiagautam/drake-franka-driver/install/ament_copyright'), ('ament_cmake_gtest', '/home/yaashiagautam/drake-franka-driver/install/ament_cmake_gtest'), ('ament_cmake_pytest', '/home/yaashiagautam/drake-franka-driver/install/ament_cmake_pytest'), ('ament_cpplint', '/home/yaashiagautam/drake-franka-driver/install/ament_cpplint'), ('ament_index_python', '/home/yaashiagautam/drake-franka-driver/install/ament_index_python'), ('ament_lint_auto', '/home/yaashiagautam/drake-franka-driver/install/ament_lint_auto'), ('ament_lint_cmake', '/home/yaashiagautam/drake-franka-driver/install/ament_lint_cmake'), ('ament_xmllint', '/home/yaashiagautam/drake-franka-driver/install/ament_xmllint'), ('domain_coordinator', '/home/yaashiagautam/drake-franka-driver/install/domain_coordinator'), ('ament_cmake_gen_version_h', '/home/yaashiagautam/drake-franka-driver/install/ament_cmake_gen_version_h'), ('ament_cmake_gmock', '/home/yaashiagautam/drake-franka-driver/install/ament_cmake_gmock'), ('ament_cmake_lint_cmake', '/home/yaashiagautam/drake-franka-driver/install/ament_cmake_lint_cmake'), ('launch', '/home/yaashiagautam/drake-franka-driver/install/launch'), ('rosidl_cli', '/home/yaashiagautam/drake-franka-driver/install/rosidl_cli'), ('rpyutils', '/home/yaashiagautam/drake-franka-driver/install/rpyutils'), ('ament_cmake', '/home/yaashiagautam/drake-franka-driver/install/ament_cmake'), ('ament_cmake_copyright', '/home/yaashiagautam/drake-franka-driver/install/ament_cmake_copyright'), ('launch_xml', '/home/yaashiagautam/drake-franka-driver/install/launch_xml'), ('launch_yaml', '/home/yaashiagautam/drake-franka-driver/install/launch_yaml'), ('ament_cmake_cppcheck', '/home/yaashiagautam/drake-franka-driver/install/ament_cmake_cppcheck'), ('ament_cmake_cpplint', '/home/yaashiagautam/drake-franka-driver/install/ament_cmake_cpplint'), ('ament_cmake_flake8', '/home/yaashiagautam/drake-franka-driver/install/ament_cmake_flake8'), ('ament_cmake_pep257', '/home/yaashiagautam/drake-franka-driver/install/ament_cmake_pep257'), ('ament_cmake_xmllint', '/home/yaashiagautam/drake-franka-driver/install/ament_cmake_xmllint'), ('launch_testing', '/home/yaashiagautam/drake-franka-driver/install/launch_testing'), ('uncrustify_vendor', '/home/yaashiagautam/drake-franka-driver/install/uncrustify_vendor'), ('ament_uncrustify', '/home/yaashiagautam/drake-franka-driver/install/ament_uncrustify'), ('ament_cmake_uncrustify', '/home/yaashiagautam/drake-franka-driver/install/ament_cmake_uncrustify'), ('ament_lint_common', '/home/yaashiagautam/drake-franka-driver/install/ament_lint_common'), ('ament_cmake_ros', '/home/yaashiagautam/drake-franka-driver/install/ament_cmake_ros'), ('fastrtps_cmake_module', '/home/yaashiagautam/drake-franka-driver/install/fastrtps_cmake_module'), ('python_cmake_module', '/home/yaashiagautam/drake-franka-driver/install/python_cmake_module'), ('rosidl_adapter', '/home/yaashiagautam/drake-franka-driver/install/rosidl_adapter'), ('rosidl_typesupport_interface', '/home/yaashiagautam/drake-franka-driver/install/rosidl_typesupport_interface'), ('launch_testing_ament_cmake', '/home/yaashiagautam/drake-franka-driver/install/launch_testing_ament_cmake'), ('rosidl_parser', '/home/yaashiagautam/drake-franka-driver/install/rosidl_parser'), ('rcutils', '/home/yaashiagautam/drake-franka-driver/install/rcutils'), ('rosidl_cmake', '/home/yaashiagautam/drake-franka-driver/install/rosidl_cmake'), ('rcpputils', '/home/yaashiagautam/drake-franka-driver/install/rcpputils'), ('rosidl_runtime_c', '/home/yaashiagautam/drake-franka-driver/install/rosidl_runtime_c'), ('rmw', '/home/yaashiagautam/drake-franka-driver/install/rmw'), ('rosidl_generator_c', '/home/yaashiagautam/drake-franka-driver/install/rosidl_generator_c'), ('rosidl_runtime_cpp', '/home/yaashiagautam/drake-franka-driver/install/rosidl_runtime_cpp'), ('rosidl_typesupport_introspection_c', '/home/yaashiagautam/drake-franka-driver/install/rosidl_typesupport_introspection_c'), ('rosidl_generator_cpp', '/home/yaashiagautam/drake-franka-driver/install/rosidl_generator_cpp'), ('rosidl_typesupport_introspection_cpp', '/home/yaashiagautam/drake-franka-driver/install/rosidl_typesupport_introspection_cpp'), ('rosidl_typesupport_fastrtps_cpp', '/home/yaashiagautam/drake-franka-driver/install/rosidl_typesupport_fastrtps_cpp'), ('rosidl_typesupport_fastrtps_c', '/home/yaashiagautam/drake-franka-driver/install/rosidl_typesupport_fastrtps_c'), ('rosidl_typesupport_c', '/home/yaashiagautam/drake-franka-driver/install/rosidl_typesupport_c'), ('rosidl_generator_py', '/home/yaashiagautam/drake-franka-driver/install/rosidl_generator_py'), ('rosidl_typesupport_cpp', '/home/yaashiagautam/drake-franka-driver/install/rosidl_typesupport_cpp'), ('rosidl_default_generators', '/home/yaashiagautam/drake-franka-driver/install/rosidl_default_generators'), ('rosidl_default_runtime', '/home/yaashiagautam/drake-franka-driver/install/rosidl_default_runtime'), ('builtin_interfaces', '/home/yaashiagautam/drake-franka-driver/install/builtin_interfaces'), ('std_msgs', '/home/yaashiagautam/drake-franka-driver/install/std_msgs')])}
[0.013160] (franka_driver_msgs) JobStarted: {'identifier': 'franka_driver_msgs'}
[0.023825] (franka_driver_msgs) JobEnded: {'identifier': 'franka_driver_msgs', 'rc': 1}
[0.034215] (-) EventReactorShutdown: {}
