[0.000000] (-) TimerEvent: {}
[0.000104] (-) JobUnselected: {'identifier': 'FMT'}
[0.000218] (-) JobUnselected: {'identifier': 'FortranCInterface'}
[0.000397] (-) JobUnselected: {'identifier': 'IntelFortranImplicit'}
[0.001587] (-) JobUnselected: {'identifier': 'absl-py'}
[0.001688] (-) JobUnselected: {'identifier': 'action_msgs'}
[0.001723] (-) JobUnselected: {'identifier': 'action_msgs'}
[0.001787] (-) JobUnselected: {'identifier': 'actionlib_msgs'}
[0.001818] (-) JobUnselected: {'identifier': 'actionlib_msgs'}
[0.001847] (-) JobUnselected: {'identifier': 'actuator_msgs'}
[0.001864] (-) JobUnselected: {'identifier': 'ament_clang_format'}
[0.001877] (-) JobUnselected: {'identifier': 'ament_cmake'}
[0.001891] (-) JobUnselected: {'identifier': 'ament_cmake_auto'}
[0.001903] (-) JobUnselected: {'identifier': 'ament_cmake_clang_format'}
[0.001916] (-) JobUnselected: {'identifier': 'ament_cmake_copyright'}
[0.001929] (-) JobUnselected: {'identifier': 'ament_cmake_core'}
[0.001941] (-) JobUnselected: {'identifier': 'ament_cmake_cppcheck'}
[0.001954] (-) JobUnselected: {'identifier': 'ament_cmake_cpplint'}
[0.001966] (-) JobUnselected: {'identifier': 'ament_cmake_export_definitions'}
[0.001978] (-) JobUnselected: {'identifier': 'ament_cmake_export_dependencies'}
[0.001990] (-) JobUnselected: {'identifier': 'ament_cmake_export_include_directories'}
[0.002002] (-) JobUnselected: {'identifier': 'ament_cmake_export_interfaces'}
[0.002015] (-) JobUnselected: {'identifier': 'ament_cmake_export_libraries'}
[0.002029] (-) JobUnselected: {'identifier': 'ament_cmake_export_link_flags'}
[0.002198] (-) JobUnselected: {'identifier': 'ament_cmake_export_targets'}
[0.002231] (-) JobUnselected: {'identifier': 'ament_cmake_flake8'}
[0.002285] (-) JobUnselected: {'identifier': 'ament_cmake_gen_version_h'}
[0.002307] (-) JobUnselected: {'identifier': 'ament_cmake_gmock'}
[0.002335] (-) JobUnselected: {'identifier': 'ament_cmake_gtest'}
[0.002352] (-) JobUnselected: {'identifier': 'ament_cmake_include_directories'}
[0.002366] (-) JobUnselected: {'identifier': 'ament_cmake_libraries'}
[0.002379] (-) JobUnselected: {'identifier': 'ament_cmake_lint_cmake'}
[0.002392] (-) JobUnselected: {'identifier': 'ament_cmake_pep257'}
[0.002405] (-) JobUnselected: {'identifier': 'ament_cmake_pytest'}
[0.002417] (-) JobUnselected: {'identifier': 'ament_cmake_python'}
[0.002429] (-) JobUnselected: {'identifier': 'ament_cmake_ros'}
[0.002441] (-) JobUnselected: {'identifier': 'ament_cmake_target_dependencies'}
[0.002454] (-) JobUnselected: {'identifier': 'ament_cmake_test'}
[0.002466] (-) JobUnselected: {'identifier': 'ament_cmake_uncrustify'}
[0.002478] (-) JobUnselected: {'identifier': 'ament_cmake_version'}
[0.002491] (-) JobUnselected: {'identifier': 'ament_cmake_xmllint'}
[0.002508] (-) JobUnselected: {'identifier': 'ament_copyright'}
[0.002608] (-) JobUnselected: {'identifier': 'ament_cppcheck'}
[0.002634] (-) JobUnselected: {'identifier': 'ament_cpplint'}
[0.002684] (-) JobUnselected: {'identifier': 'ament_flake8'}
[0.002713] (-) JobUnselected: {'identifier': 'ament_index_cpp'}
[0.002731] (-) JobUnselected: {'identifier': 'ament_index_cpp'}
[0.002747] (-) JobUnselected: {'identifier': 'ament_index_python'}
[0.002762] (-) JobUnselected: {'identifier': 'ament_index_python'}
[0.002776] (-) JobUnselected: {'identifier': 'ament_lint'}
[0.002789] (-) JobUnselected: {'identifier': 'ament_lint_auto'}
[0.002811] (-) JobUnselected: {'identifier': 'ament_lint_cmake'}
[0.002833] (-) JobUnselected: {'identifier': 'ament_lint_common'}
[0.002848] (-) JobUnselected: {'identifier': 'ament_package'}
[0.002862] (-) JobUnselected: {'identifier': 'ament_pep257'}
[0.002875] (-) JobUnselected: {'identifier': 'ament_uncrustify'}
[0.002887] (-) JobUnselected: {'identifier': 'ament_xmllint'}
[0.002903] (-) JobUnselected: {'identifier': 'angles'}
[0.003062] (-) JobUnselected: {'identifier': 'backward_ros'}
[0.003095] (-) JobUnselected: {'identifier': 'builtin_interfaces'}
[0.003124] (-) JobUnselected: {'identifier': 'builtin_interfaces'}
[0.003154] (-) JobUnselected: {'identifier': 'class_loader'}
[0.003195] (-) JobUnselected: {'identifier': 'cmake_defines'}
[0.003213] (-) JobUnselected: {'identifier': 'cmake_defines'}
[0.003235] (-) JobUnselected: {'identifier': 'cmake_with_data_example'}
[0.003257] (-) JobUnselected: {'identifier': 'cmake_with_target_example'}
[0.003274] (-) JobUnselected: {'identifier': 'common_interfaces'}
[0.003315] (-) JobUnselected: {'identifier': 'common_interfaces'}
[0.003338] (-) JobUnselected: {'identifier': 'composition_interfaces'}
[0.003361] (-) JobUnselected: {'identifier': 'composition_interfaces'}
[0.003378] (-) JobUnselected: {'identifier': 'compressed_depth_image_transport'}
[0.003392] (-) JobUnselected: {'identifier': 'compressed_image_transport'}
[0.003405] (-) JobUnselected: {'identifier': 'console_bridge_vendor'}
[0.003418] (-) JobUnselected: {'identifier': 'control_msgs'}
[0.003431] (-) JobUnselected: {'identifier': 'control_toolbox'}
[0.003443] (-) JobUnselected: {'identifier': 'controller_interface'}
[0.003455] (-) JobUnselected: {'identifier': 'controller_manager'}
[0.003468] (-) JobUnselected: {'identifier': 'controller_manager_msgs'}
[0.003480] (-) JobUnselected: {'identifier': 'cv_bridge'}
[0.003493] (-) JobUnselected: {'identifier': 'cyclonedds'}
[0.003507] (-) JobUnselected: {'identifier': 'diagnostic_msgs'}
[0.003522] (-) JobUnselected: {'identifier': 'diagnostic_msgs'}
[0.003566] (-) JobUnselected: {'identifier': 'domain_coordinator'}
[0.003590] (-) JobUnselected: {'identifier': 'drake'}
[0.003615] (-) JobUnselected: {'identifier': 'drake'}
[0.003630] (-) JobUnselected: {'identifier': 'drake'}
[0.003646] (-) JobUnselected: {'identifier': 'drake'}
[0.003659] (-) JobUnselected: {'identifier': 'drake'}
[0.003680] (-) JobUnselected: {'identifier': 'drake'}
[0.003702] (-) JobUnselected: {'identifier': 'drake'}
[0.003716] (-) JobUnselected: {'identifier': 'drake'}
[0.003731] (-) JobUnselected: {'identifier': 'drake'}
[0.003775] (-) JobUnselected: {'identifier': 'drake_models'}
[0.003794] (-) JobUnselected: {'identifier': 'drake_models'}
[0.003825] (-) JobUnselected: {'identifier': 'drake_models'}
[0.003841] (-) JobUnselected: {'identifier': 'drake_models'}
[0.003854] (-) JobUnselected: {'identifier': 'drake_models'}
[0.003867] (-) JobUnselected: {'identifier': 'drake_models'}
[0.003883] (-) JobUnselected: {'identifier': 'drake_models'}
[0.003900] (-) JobUnselected: {'identifier': 'drake_models'}
[0.003923] (-) JobUnselected: {'identifier': 'eigen3_cmake_module'}
[0.003973] (-) JobUnselected: {'identifier': 'eigen_stl_containers'}
[0.004002] (-) JobUnselected: {'identifier': 'eigenpy'}
[0.004034] (-) JobUnselected: {'identifier': 'fastrtps_cmake_module'}
[0.004055] (-) JobUnselected: {'identifier': 'filters'}
[0.004077] (-) JobUnselected: {'identifier': 'foonathan_memory_vendor'}
[0.004095] (-) JobUnselected: {'identifier': 'generate_parameter_library'}
[0.004122] (-) JobUnselected: {'identifier': 'generate_parameter_library_py'}
[0.004163] (-) JobUnselected: {'identifier': 'geometric_shapes'}
[0.004185] (-) JobUnselected: {'identifier': 'geometry2'}
[0.004210] (-) JobUnselected: {'identifier': 'geometry_msgs'}
[0.004226] (-) JobUnselected: {'identifier': 'geometry_msgs'}
[0.004239] (-) JobUnselected: {'identifier': 'gmock'}
[0.004251] (-) JobUnselected: {'identifier': 'gmock_vendor'}
[0.004264] (-) JobUnselected: {'identifier': 'gps_msgs'}
[0.004277] (-) JobUnselected: {'identifier': 'gtest'}
[0.004289] (-) JobUnselected: {'identifier': 'gtest_vendor'}
[0.004301] (-) JobUnselected: {'identifier': 'hardware_interface'}
[0.004314] (-) JobUnselected: {'identifier': 'hardware_interface_testing'}
[0.004328] (-) JobUnselected: {'identifier': 'hellolib'}
[0.004340] (-) JobUnselected: {'identifier': 'hellolib'}
[0.004368] (-) JobUnselected: {'identifier': 'hellolib'}
[0.004477] (-) JobUnselected: {'identifier': 'hellolib'}
[0.004508] (-) JobUnselected: {'identifier': 'hpp-fcl'}
[0.004536] (-) JobUnselected: {'identifier': 'ignition_cmake2_vendor'}
[0.004560] (-) JobUnselected: {'identifier': 'ignition_math6_vendor'}
[0.004585] (-) JobUnselected: {'identifier': 'image_transport'}
[0.004622] (-) JobUnselected: {'identifier': 'image_transport_plugins'}
[0.004647] (-) JobUnselected: {'identifier': 'interactive_markers'}
[0.004667] (-) JobUnselected: {'identifier': 'joint_state_broadcaster'}
[0.004682] (-) JobUnselected: {'identifier': 'joint_state_publisher'}
[0.004721] (-) JobUnselected: {'identifier': 'joint_state_publisher_gui'}
[0.004742] (-) JobUnselected: {'identifier': 'joint_trajectory_controller'}
[0.004757] (-) JobUnselected: {'identifier': 'kdl_parser'}
[0.004774] (-) JobUnselected: {'identifier': 'keyboard_handler'}
[0.004792] (-) JobUnselected: {'identifier': 'laser_geometry'}
[0.004816] (-) JobUnselected: {'identifier': 'launch'}
[0.004836] (-) JobUnselected: {'identifier': 'launch_ros'}
[0.004854] (-) JobUnselected: {'identifier': 'launch_testing'}
[0.004868] (-) JobUnselected: {'identifier': 'launch_testing_ament_cmake'}
[0.004882] (-) JobUnselected: {'identifier': 'launch_testing_ros'}
[0.004894] (-) JobUnselected: {'identifier': 'launch_xml'}
[0.004907] (-) JobUnselected: {'identifier': 'launch_yaml'}
[0.004923] (-) JobUnselected: {'identifier': 'lcm_ros2_bridge'}
[0.004963] (-) JobUnselected: {'identifier': 'liba'}
[0.004986] (-) JobUnselected: {'identifier': 'liba'}
[0.005013] (-) JobUnselected: {'identifier': 'libb'}
[0.005032] (-) JobUnselected: {'identifier': 'libb'}
[0.005053] (-) JobUnselected: {'identifier': 'libc'}
[0.005072] (-) JobUnselected: {'identifier': 'libcurl_vendor'}
[0.005105] (-) JobUnselected: {'identifier': 'libstatistics_collector'}
[0.005129] (-) JobUnselected: {'identifier': 'libstatistics_collector'}
[0.005150] (-) JobUnselected: {'identifier': 'libyaml_vendor'}
[0.005170] (-) JobUnselected: {'identifier': 'lifecycle_msgs'}
[0.005215] (-) JobUnselected: {'identifier': 'lifecycle_msgs'}
[0.005236] (-) JobUnselected: {'identifier': 'map_msgs'}
[0.005259] (-) JobUnselected: {'identifier': 'message_filters'}
[0.005275] (-) JobUnselected: {'identifier': 'moveit_common'}
[0.005288] (-) JobUnselected: {'identifier': 'moveit_core'}
[0.005303] (-) JobUnselected: {'identifier': 'moveit_kinematics'}
[0.005319] (-) JobUnselected: {'identifier': 'moveit_msgs'}
[0.005333] (-) JobUnselected: {'identifier': 'moveit_planners_ompl'}
[0.005346] (-) JobUnselected: {'identifier': 'moveit_ros_move_group'}
[0.005359] (-) JobUnselected: {'identifier': 'moveit_ros_occupancy_map_monitor'}
[0.005373] (-) JobUnselected: {'identifier': 'moveit_ros_planning'}
[0.005386] (-) JobUnselected: {'identifier': 'moveit_ros_planning_interface'}
[0.005398] (-) JobUnselected: {'identifier': 'moveit_ros_robot_interaction'}
[0.005413] (-) JobUnselected: {'identifier': 'moveit_ros_visualization'}
[0.005454] (-) JobUnselected: {'identifier': 'moveit_ros_warehouse'}
[0.005480] (-) JobUnselected: {'identifier': 'moveit_simple_controller_manager'}
[0.005510] (-) JobUnselected: {'identifier': 'my-test-package'}
[0.005528] (-) JobUnselected: {'identifier': 'nav_msgs'}
[0.005549] (-) JobUnselected: {'identifier': 'nav_msgs'}
[0.005568] (-) JobUnselected: {'identifier': 'object_recognition_msgs'}
[0.005598] (-) JobUnselected: {'identifier': 'octomap'}
[0.005642] (-) JobUnselected: {'identifier': 'octomap_msgs'}
[0.005663] (-) JobUnselected: {'identifier': 'ompl'}
[0.005682] (-) JobUnselected: {'identifier': 'orocos_kdl_vendor'}
[0.005702] (-) JobUnselected: {'identifier': 'osrf_pycommon'}
[0.005720] (-) JobUnselected: {'identifier': 'parameter_traits'}
[0.005737] (-) JobUnselected: {'identifier': 'pinocchio'}
[0.005750] (-) JobUnselected: {'identifier': 'plugin1'}
[0.005763] (-) JobUnselected: {'identifier': 'pluginlib'}
[0.005775] (-) JobUnselected: {'identifier': 'pybind11_vendor'}
[0.005796] (-) JobUnselected: {'identifier': 'python_cmake_module'}
[0.005948] (-) JobUnselected: {'identifier': 'python_orocos_kdl_vendor'}
[0.006147] (-) JobUnselected: {'identifier': 'python_qt_binding'}
[0.006231] (-) JobUnselected: {'identifier': 'qt_gui'}
[0.006292] (-) JobUnselected: {'identifier': 'qt_gui_cpp'}
[0.006333] (-) JobUnselected: {'identifier': 'qt_gui_py_common'}
[0.006370] (-) JobUnselected: {'identifier': 'random_numbers'}
[0.006412] (-) JobUnselected: {'identifier': 'rcl'}
[0.006446] (-) JobUnselected: {'identifier': 'rcl'}
[0.006480] (-) JobUnselected: {'identifier': 'rcl_action'}
[0.006521] (-) JobUnselected: {'identifier': 'rcl_action'}
[0.006555] (-) JobUnselected: {'identifier': 'rcl_interfaces'}
[0.006591] (-) JobUnselected: {'identifier': 'rcl_interfaces'}
[0.006621] (-) JobUnselected: {'identifier': 'rcl_lifecycle'}
[0.006655] (-) JobUnselected: {'identifier': 'rcl_lifecycle'}
[0.006690] (-) JobUnselected: {'identifier': 'rcl_logging_interface'}
[0.006729] (-) JobUnselected: {'identifier': 'rcl_logging_interface'}
[0.006765] (-) JobUnselected: {'identifier': 'rcl_logging_noop'}
[0.006801] (-) JobUnselected: {'identifier': 'rcl_logging_spdlog'}
[0.006836] (-) JobUnselected: {'identifier': 'rcl_logging_spdlog'}
[0.006868] (-) JobUnselected: {'identifier': 'rcl_yaml_param_parser'}
[0.006902] (-) JobUnselected: {'identifier': 'rcl_yaml_param_parser'}
[0.006932] (-) JobUnselected: {'identifier': 'rclcpp'}
[0.006969] (-) JobUnselected: {'identifier': 'rclcpp'}
[0.006999] (-) JobUnselected: {'identifier': 'rclcpp_action'}
[0.007034] (-) JobUnselected: {'identifier': 'rclcpp_action'}
[0.007066] (-) JobUnselected: {'identifier': 'rclcpp_components'}
[0.007102] (-) JobUnselected: {'identifier': 'rclcpp_components'}
[0.007133] (-) JobUnselected: {'identifier': 'rclcpp_lifecycle'}
[0.007176] (-) JobUnselected: {'identifier': 'rclcpp_lifecycle'}
[0.007209] (-) JobUnselected: {'identifier': 'rclpy'}
[0.007241] (-) JobUnselected: {'identifier': 'rcpputils'}
[0.007275] (-) JobUnselected: {'identifier': 'rcpputils'}
[0.007309] (-) JobUnselected: {'identifier': 'rcutils'}
[0.007340] (-) JobUnselected: {'identifier': 'rcutils'}
[0.007375] (-) JobUnselected: {'identifier': 'realtime_tools'}
[0.007411] (-) JobUnselected: {'identifier': 'resource_retriever'}
[0.007454] (-) JobUnselected: {'identifier': 'rmw'}
[0.007495] (-) JobUnselected: {'identifier': 'rmw'}
[0.007538] (-) JobUnselected: {'identifier': 'rmw_cyclonedds_cpp'}
[0.007579] (-) JobUnselected: {'identifier': 'rmw_cyclonedds_cpp'}
[0.007616] (-) JobUnselected: {'identifier': 'rmw_dds_common'}
[0.007651] (-) JobUnselected: {'identifier': 'rmw_dds_common'}
[0.007686] (-) JobUnselected: {'identifier': 'rmw_fastrtps_cpp'}
[0.007721] (-) JobUnselected: {'identifier': 'rmw_fastrtps_shared_cpp'}
[0.007751] (-) JobUnselected: {'identifier': 'rmw_implementation'}
[0.007786] (-) JobUnselected: {'identifier': 'rmw_implementation'}
[0.007825] (-) JobUnselected: {'identifier': 'rmw_implementation_cmake'}
[0.007896] (-) JobUnselected: {'identifier': 'rmw_implementation_cmake'}
[0.007946] (-) JobUnselected: {'identifier': 'robot_state_publisher'}
[0.007991] (-) JobUnselected: {'identifier': 'ros2_control_test_assets'}
[0.008030] (-) JobUnselected: {'identifier': 'ros2action'}
[0.008074] (-) JobUnselected: {'identifier': 'ros2bag'}
[0.008118] (-) JobUnselected: {'identifier': 'ros2cli'}
[0.008177] (-) JobUnselected: {'identifier': 'ros2cli_common_extensions'}
[0.008233] (-) JobUnselected: {'identifier': 'ros2component'}
[0.008277] (-) JobUnselected: {'identifier': 'ros2controlcli'}
[0.008343] (-) JobUnselected: {'identifier': 'ros2doctor'}
[0.008378] (-) JobUnselected: {'identifier': 'ros2interface'}
[0.008414] (-) JobUnselected: {'identifier': 'ros2launch'}
[0.008447] (-) JobUnselected: {'identifier': 'ros2lifecycle'}
[0.008499] (-) JobUnselected: {'identifier': 'ros2multicast'}
[0.008542] (-) JobUnselected: {'identifier': 'ros2node'}
[0.008578] (-) JobUnselected: {'identifier': 'ros2param'}
[0.008610] (-) JobUnselected: {'identifier': 'ros2pkg'}
[0.008641] (-) JobUnselected: {'identifier': 'ros2run'}
[0.008687] (-) JobUnselected: {'identifier': 'ros2service'}
[0.008721] (-) JobUnselected: {'identifier': 'ros2topic'}
[0.008753] (-) JobUnselected: {'identifier': 'ros2trace'}
[0.008785] (-) JobUnselected: {'identifier': 'ros_base'}
[0.008817] (-) JobUnselected: {'identifier': 'ros_core'}
[0.008852] (-) JobUnselected: {'identifier': 'ros_environment'}
[0.008884] (-) JobUnselected: {'identifier': 'ros_gz'}
[0.008918] (-) JobUnselected: {'identifier': 'ros_gz_bridge'}
[0.008949] (-) JobUnselected: {'identifier': 'ros_gz_image'}
[0.008981] (-) JobUnselected: {'identifier': 'ros_gz_interfaces'}
[0.009011] (-) JobUnselected: {'identifier': 'ros_gz_sim'}
[0.009046] (-) JobUnselected: {'identifier': 'ros_gz_sim_demos'}
[0.009088] (-) JobUnselected: {'identifier': 'ros_workspace'}
[0.009136] (-) JobUnselected: {'identifier': 'rosbag2'}
[0.009183] (-) JobUnselected: {'identifier': 'rosbag2_compression'}
[0.009223] (-) JobUnselected: {'identifier': 'rosbag2_compression_zstd'}
[0.009653] (-) JobUnselected: {'identifier': 'rosbag2_cpp'}
[0.009679] (-) JobUnselected: {'identifier': 'rosbag2_interfaces'}
[0.009693] (-) JobUnselected: {'identifier': 'rosbag2_py'}
[0.009912] (-) JobUnselected: {'identifier': 'rosbag2_storage'}
[0.009952] (-) JobUnselected: {'identifier': 'rosbag2_storage_default_plugins'}
[0.010025] (-) JobUnselected: {'identifier': 'rosbag2_transport'}
[0.010140] (-) JobUnselected: {'identifier': 'rosgraph_msgs'}
[0.010184] (-) JobUnselected: {'identifier': 'rosgraph_msgs'}
[0.010220] (-) JobUnselected: {'identifier': 'rosidl_adapter'}
[0.010246] (-) JobUnselected: {'identifier': 'rosidl_adapter'}
[0.010273] (-) JobUnselected: {'identifier': 'rosidl_cli'}
[0.010301] (-) JobUnselected: {'identifier': 'rosidl_cli'}
[0.010348] (-) JobUnselected: {'identifier': 'rosidl_cmake'}
[0.010413] (-) JobUnselected: {'identifier': 'rosidl_cmake'}
[0.010483] (-) JobUnselected: {'identifier': 'rosidl_default_generators'}
[0.010512] (-) JobUnselected: {'identifier': 'rosidl_default_runtime'}
[0.010529] (-) JobUnselected: {'identifier': 'rosidl_generator_c'}
[0.010544] (-) JobUnselected: {'identifier': 'rosidl_generator_c'}
[0.010557] (-) JobUnselected: {'identifier': 'rosidl_generator_cpp'}
[0.010571] (-) JobUnselected: {'identifier': 'rosidl_generator_cpp'}
[0.010584] (-) JobUnselected: {'identifier': 'rosidl_generator_py'}
[0.010598] (-) JobUnselected: {'identifier': 'rosidl_parser'}
[0.010611] (-) JobUnselected: {'identifier': 'rosidl_parser'}
[0.010624] (-) JobUnselected: {'identifier': 'rosidl_runtime_c'}
[0.010637] (-) JobUnselected: {'identifier': 'rosidl_runtime_c'}
[0.010650] (-) JobUnselected: {'identifier': 'rosidl_runtime_cpp'}
[0.010673] (-) JobUnselected: {'identifier': 'rosidl_runtime_cpp'}
[0.010796] (-) JobUnselected: {'identifier': 'rosidl_runtime_py'}
[0.010828] (-) JobUnselected: {'identifier': 'rosidl_typesupport_c'}
[0.010885] (-) JobUnselected: {'identifier': 'rosidl_typesupport_c'}
[0.010909] (-) JobUnselected: {'identifier': 'rosidl_typesupport_cpp'}
[0.010936] (-) JobUnselected: {'identifier': 'rosidl_typesupport_cpp'}
[0.010953] (-) JobUnselected: {'identifier': 'rosidl_typesupport_fastrtps_c'}
[0.010967] (-) JobUnselected: {'identifier': 'rosidl_typesupport_fastrtps_cpp'}
[0.010980] (-) JobUnselected: {'identifier': 'rosidl_typesupport_interface'}
[0.010992] (-) JobUnselected: {'identifier': 'rosidl_typesupport_interface'}
[0.011014] (-) JobUnselected: {'identifier': 'rosidl_typesupport_introspection_c'}
[0.011168] (-) JobUnselected: {'identifier': 'rosidl_typesupport_introspection_c'}
[0.011210] (-) JobUnselected: {'identifier': 'rosidl_typesupport_introspection_cpp'}
[0.011239] (-) JobUnselected: {'identifier': 'rosidl_typesupport_introspection_cpp'}
[0.011266] (-) JobUnselected: {'identifier': 'rosidl_typesupport_introspection_tests'}
[0.011291] (-) JobUnselected: {'identifier': 'rpyutils'}
[0.011319] (-) JobUnselected: {'identifier': 'rqt_gui'}
[0.011343] (-) JobUnselected: {'identifier': 'rqt_gui_cpp'}
[0.011375] (-) JobUnselected: {'identifier': 'rqt_gui_py'}
[0.011399] (-) JobUnselected: {'identifier': 'rqt_image_view'}
[0.011420] (-) JobUnselected: {'identifier': 'rqt_plot'}
[0.011469] (-) JobUnselected: {'identifier': 'rqt_py_common'}
[0.011485] (-) JobUnselected: {'identifier': 'rqt_topic'}
[0.011518] (-) JobUnselected: {'identifier': 'ruckig'}
[0.011542] (-) JobUnselected: {'identifier': 'rviz2'}
[0.011557] (-) JobUnselected: {'identifier': 'rviz_assimp_vendor'}
[0.011573] (-) JobUnselected: {'identifier': 'rviz_common'}
[0.011601] (-) JobUnselected: {'identifier': 'rviz_default_plugins'}
[0.011622] (-) JobUnselected: {'identifier': 'rviz_ogre_vendor'}
[0.011637] (-) JobUnselected: {'identifier': 'rviz_rendering'}
[0.011654] (-) JobUnselected: {'identifier': 'sdformat_urdf'}
[0.011673] (-) JobUnselected: {'identifier': 'sensor_msgs'}
[0.011717] (-) JobUnselected: {'identifier': 'sensor_msgs'}
[0.011740] (-) JobUnselected: {'identifier': 'sensor_msgs_py'}
[0.011764] (-) JobUnselected: {'identifier': 'sensor_msgs_py'}
[0.011782] (-) JobUnselected: {'identifier': 'shape_msgs'}
[0.011809] (-) JobUnselected: {'identifier': 'shape_msgs'}
[0.011845] (-) JobUnselected: {'identifier': 'shared_queues_vendor'}
[0.011865] (-) JobUnselected: {'identifier': 'six'}
[0.011881] (-) JobUnselected: {'identifier': 'spdlog'}
[0.011898] (-) JobUnselected: {'identifier': 'spdlog_vendor'}
[0.011940] (-) JobUnselected: {'identifier': 'sqlite3_vendor'}
[0.011961] (-) JobUnselected: {'identifier': 'srdfdom'}
[0.011986] (-) JobUnselected: {'identifier': 'sros2'}
[0.012002] (-) JobUnselected: {'identifier': 'sros2_cmake'}
[0.012016] (-) JobUnselected: {'identifier': 'statistics_msgs'}
[0.012028] (-) JobUnselected: {'identifier': 'statistics_msgs'}
[0.012041] (-) JobUnselected: {'identifier': 'std_msgs'}
[0.012054] (-) JobUnselected: {'identifier': 'std_msgs'}
[0.012067] (-) JobUnselected: {'identifier': 'std_srvs'}
[0.012083] (-) JobUnselected: {'identifier': 'std_srvs'}
[0.012150] (-) JobUnselected: {'identifier': 'stereo_msgs'}
[0.012182] (-) JobUnselected: {'identifier': 'stereo_msgs'}
[0.012220] (-) JobUnselected: {'identifier': 'tango_icons_vendor'}
[0.012239] (-) JobUnselected: {'identifier': 'tcb_span'}
[0.012255] (-) JobUnselected: {'identifier': 'test_msgs'}
[0.012283] (-) JobUnselected: {'identifier': 'test_rmw_implementation'}
[0.012327] (-) JobUnselected: {'identifier': 'test_tracetools'}
[0.012352] (-) JobUnselected: {'identifier': 'test_tracetools_launch'}
[0.012368] (-) JobUnselected: {'identifier': 'tf2'}
[0.012384] (-) JobUnselected: {'identifier': 'tf2_bullet'}
[0.012400] (-) JobUnselected: {'identifier': 'tf2_eigen'}
[0.012414] (-) JobUnselected: {'identifier': 'tf2_eigen_kdl'}
[0.012427] (-) JobUnselected: {'identifier': 'tf2_geometry_msgs'}
[0.012440] (-) JobUnselected: {'identifier': 'tf2_kdl'}
[0.012453] (-) JobUnselected: {'identifier': 'tf2_msgs'}
[0.012466] (-) JobUnselected: {'identifier': 'tf2_py'}
[0.012478] (-) JobUnselected: {'identifier': 'tf2_ros'}
[0.012491] (-) JobUnselected: {'identifier': 'tf2_ros_py'}
[0.012503] (-) JobUnselected: {'identifier': 'tf2_sensor_msgs'}
[0.012515] (-) JobUnselected: {'identifier': 'tf2_tools'}
[0.012530] (-) JobUnselected: {'identifier': 'theora_image_transport'}
[0.012634] (-) JobUnselected: {'identifier': 'tinyxml2_vendor'}
[0.012662] (-) JobUnselected: {'identifier': 'tinyxml_vendor'}
[0.012686] (-) JobUnselected: {'identifier': 'tl_expected'}
[0.012709] (-) JobUnselected: {'identifier': 'tracetools'}
[0.012735] (-) JobUnselected: {'identifier': 'tracetools'}
[0.012758] (-) JobUnselected: {'identifier': 'tracetools_launch'}
[0.012775] (-) JobUnselected: {'identifier': 'tracetools_read'}
[0.012804] (-) JobUnselected: {'identifier': 'tracetools_test'}
[0.012831] (-) JobUnselected: {'identifier': 'tracetools_trace'}
[0.012852] (-) JobUnselected: {'identifier': 'trajectory_msgs'}
[0.012897] (-) JobUnselected: {'identifier': 'trajectory_msgs'}
[0.012922] (-) JobUnselected: {'identifier': 'uncrustify_vendor'}
[0.012948] (-) JobUnselected: {'identifier': 'unique_identifier_msgs'}
[0.012965] (-) JobUnselected: {'identifier': 'urdf'}
[0.012979] (-) JobUnselected: {'identifier': 'urdf_parser_plugin'}
[0.012992] (-) JobUnselected: {'identifier': 'urdfdom'}
[0.013005] (-) JobUnselected: {'identifier': 'urdfdom_py'}
[0.013017] (-) JobUnselected: {'identifier': 'vision_msgs'}
[0.013060] (-) JobUnselected: {'identifier': 'visualization_msgs'}
[0.013085] (-) JobUnselected: {'identifier': 'visualization_msgs'}
[0.013118] (-) JobUnselected: {'identifier': 'warehouse_ros'}
[0.013173] (-) JobUnselected: {'identifier': 'xacro'}
[0.013196] (-) JobUnselected: {'identifier': 'yaml'}
[0.013223] (-) JobUnselected: {'identifier': 'yaml_cpp_vendor'}
[0.013240] (-) JobUnselected: {'identifier': 'zlib-example'}
[0.013256] (-) JobUnselected: {'identifier': 'zstd_vendor'}
[0.013274] (franka_driver_msgs) JobQueued: {'identifier': 'franka_driver_msgs', 'dependencies': OrderedDict([('ament_cppcheck', '/home/yaashiagautam/drake-franka-driver/install/ament_cppcheck'), ('ament_lint', '/home/yaashiagautam/drake-franka-driver/install/ament_lint'), ('ament_package', '/home/yaashiagautam/drake-franka-driver/install/ament_package'), ('gtest', '/home/yaashiagautam/drake-franka-driver/install/gtest'), ('gtest_vendor', '/home/yaashiagautam/drake-franka-driver/install/gtest_vendor'), ('osrf_pycommon', '/home/yaashiagautam/drake-franka-driver/install/osrf_pycommon'), ('ament_cmake_core', '/home/yaashiagautam/drake-franka-driver/install/ament_cmake_core'), ('ament_flake8', '/home/yaashiagautam/drake-franka-driver/install/ament_flake8'), ('gmock_vendor', '/home/yaashiagautam/drake-franka-driver/install/gmock_vendor'), ('ament_cmake_export_definitions', '/home/yaashiagautam/drake-franka-driver/install/ament_cmake_export_definitions'), ('ament_cmake_export_include_directories', '/home/yaashiagautam/drake-franka-driver/install/ament_cmake_export_include_directories'), ('ament_cmake_export_libraries', '/home/yaashiagautam/drake-franka-driver/install/ament_cmake_export_libraries'), ('ament_cmake_export_link_flags', '/home/yaashiagautam/drake-franka-driver/install/ament_cmake_export_link_flags'), ('ament_cmake_include_directories', '/home/yaashiagautam/drake-franka-driver/install/ament_cmake_include_directories'), ('ament_cmake_libraries', '/home/yaashiagautam/drake-franka-driver/install/ament_cmake_libraries'), ('ament_cmake_python', '/home/yaashiagautam/drake-franka-driver/install/ament_cmake_python'), ('ament_cmake_version', '/home/yaashiagautam/drake-franka-driver/install/ament_cmake_version'), ('ament_pep257', '/home/yaashiagautam/drake-franka-driver/install/ament_pep257'), ('ament_cmake_export_dependencies', '/home/yaashiagautam/drake-franka-driver/install/ament_cmake_export_dependencies'), ('ament_cmake_export_interfaces', '/home/yaashiagautam/drake-franka-driver/install/ament_cmake_export_interfaces'), ('ament_cmake_export_targets', '/home/yaashiagautam/drake-franka-driver/install/ament_cmake_export_targets'), ('ament_cmake_target_dependencies', '/home/yaashiagautam/drake-franka-driver/install/ament_cmake_target_dependencies'), ('ament_cmake_test', '/home/yaashiagautam/drake-franka-driver/install/ament_cmake_test'), ('ament_copyright', '/home/yaashiagautam/drake-franka-driver/install/ament_copyright'), ('ament_cmake_gtest', '/home/yaashiagautam/drake-franka-driver/install/ament_cmake_gtest'), ('ament_cmake_pytest', '/home/yaashiagautam/drake-franka-driver/install/ament_cmake_pytest'), ('ament_cpplint', '/home/yaashiagautam/drake-franka-driver/install/ament_cpplint'), ('ament_index_python', '/home/yaashiagautam/drake-franka-driver/install/ament_index_python'), ('ament_lint_auto', '/home/yaashiagautam/drake-franka-driver/install/ament_lint_auto'), ('ament_lint_cmake', '/home/yaashiagautam/drake-franka-driver/install/ament_lint_cmake'), ('ament_xmllint', '/home/yaashiagautam/drake-franka-driver/install/ament_xmllint'), ('domain_coordinator', '/home/yaashiagautam/drake-franka-driver/install/domain_coordinator'), ('ament_cmake_gen_version_h', '/home/yaashiagautam/drake-franka-driver/install/ament_cmake_gen_version_h'), ('ament_cmake_gmock', '/home/yaashiagautam/drake-franka-driver/install/ament_cmake_gmock'), ('ament_cmake_lint_cmake', '/home/yaashiagautam/drake-franka-driver/install/ament_cmake_lint_cmake'), ('launch', '/home/yaashiagautam/drake-franka-driver/install/launch'), ('rosidl_cli', '/home/yaashiagautam/drake-franka-driver/install/rosidl_cli'), ('rpyutils', '/home/yaashiagautam/drake-franka-driver/install/rpyutils'), ('ament_cmake', '/home/yaashiagautam/drake-franka-driver/install/ament_cmake'), ('ament_cmake_copyright', '/home/yaashiagautam/drake-franka-driver/install/ament_cmake_copyright'), ('launch_xml', '/home/yaashiagautam/drake-franka-driver/install/launch_xml'), ('launch_yaml', '/home/yaashiagautam/drake-franka-driver/install/launch_yaml'), ('ament_cmake_cppcheck', '/home/yaashiagautam/drake-franka-driver/install/ament_cmake_cppcheck'), ('ament_cmake_cpplint', '/home/yaashiagautam/drake-franka-driver/install/ament_cmake_cpplint'), ('ament_cmake_flake8', '/home/yaashiagautam/drake-franka-driver/install/ament_cmake_flake8'), ('ament_cmake_pep257', '/home/yaashiagautam/drake-franka-driver/install/ament_cmake_pep257'), ('ament_cmake_xmllint', '/home/yaashiagautam/drake-franka-driver/install/ament_cmake_xmllint'), ('launch_testing', '/home/yaashiagautam/drake-franka-driver/install/launch_testing'), ('uncrustify_vendor', '/home/yaashiagautam/drake-franka-driver/install/uncrustify_vendor'), ('ament_uncrustify', '/home/yaashiagautam/drake-franka-driver/install/ament_uncrustify'), ('ament_cmake_uncrustify', '/home/yaashiagautam/drake-franka-driver/install/ament_cmake_uncrustify'), ('ament_lint_common', '/home/yaashiagautam/drake-franka-driver/install/ament_lint_common'), ('ament_cmake_ros', '/home/yaashiagautam/drake-franka-driver/install/ament_cmake_ros'), ('fastrtps_cmake_module', '/home/yaashiagautam/drake-franka-driver/install/fastrtps_cmake_module'), ('python_cmake_module', '/home/yaashiagautam/drake-franka-driver/install/python_cmake_module'), ('rosidl_adapter', '/home/yaashiagautam/drake-franka-driver/install/rosidl_adapter'), ('rosidl_typesupport_interface', '/home/yaashiagautam/drake-franka-driver/install/rosidl_typesupport_interface'), ('launch_testing_ament_cmake', '/home/yaashiagautam/drake-franka-driver/install/launch_testing_ament_cmake'), ('rosidl_parser', '/home/yaashiagautam/drake-franka-driver/install/rosidl_parser'), ('rcutils', '/home/yaashiagautam/drake-franka-driver/install/rcutils'), ('rosidl_cmake', '/home/yaashiagautam/drake-franka-driver/install/rosidl_cmake'), ('rcpputils', '/home/yaashiagautam/drake-franka-driver/install/rcpputils'), ('rosidl_runtime_c', '/home/yaashiagautam/drake-franka-driver/install/rosidl_runtime_c'), ('rmw', '/home/yaashiagautam/drake-franka-driver/install/rmw'), ('rosidl_generator_c', '/home/yaashiagautam/drake-franka-driver/install/rosidl_generator_c'), ('rosidl_runtime_cpp', '/home/yaashiagautam/drake-franka-driver/install/rosidl_runtime_cpp'), ('rosidl_typesupport_introspection_c', '/home/yaashiagautam/drake-franka-driver/install/rosidl_typesupport_introspection_c'), ('rosidl_generator_cpp', '/home/yaashiagautam/drake-franka-driver/install/rosidl_generator_cpp'), ('rosidl_typesupport_introspection_cpp', '/home/yaashiagautam/drake-franka-driver/install/rosidl_typesupport_introspection_cpp'), ('rosidl_typesupport_fastrtps_cpp', '/home/yaashiagautam/drake-franka-driver/install/rosidl_typesupport_fastrtps_cpp'), ('rosidl_typesupport_fastrtps_c', '/home/yaashiagautam/drake-franka-driver/install/rosidl_typesupport_fastrtps_c'), ('rosidl_typesupport_c', '/home/yaashiagautam/drake-franka-driver/install/rosidl_typesupport_c'), ('rosidl_generator_py', '/home/yaashiagautam/drake-franka-driver/install/rosidl_generator_py'), ('rosidl_typesupport_cpp', '/home/yaashiagautam/drake-franka-driver/install/rosidl_typesupport_cpp'), ('rosidl_default_generators', '/home/yaashiagautam/drake-franka-driver/install/rosidl_default_generators'), ('rosidl_default_runtime', '/home/yaashiagautam/drake-franka-driver/install/rosidl_default_runtime'), ('builtin_interfaces', '/home/yaashiagautam/drake-franka-driver/install/builtin_interfaces'), ('std_msgs', '/home/yaashiagautam/drake-franka-driver/install/std_msgs')])}
[0.013368] (franka_driver_msgs) JobStarted: {'identifier': 'franka_driver_msgs'}
[0.020242] (franka_driver_msgs) JobEnded: {'identifier': 'franka_driver_msgs', 'rc': 1}
[0.030733] (-) EventReactorShutdown: {}
