[0.000000] (-) TimerEvent: {}
[0.000200] (-) JobUnselected: {'identifier': 'FMT'}
[0.000236] (-) JobUnselected: {'identifier': 'FortranCInterface'}
[0.000419] (-) JobUnselected: {'identifier': 'IntelFortranImplicit'}
[0.000525] (-) JobUnselected: {'identifier': 'absl-py'}
[0.000609] (-) JobUnselected: {'identifier': 'action_msgs'}
[0.000645] (-) JobUnselected: {'identifier': 'action_msgs'}
[0.000708] (-) JobUnselected: {'identifier': 'actionlib_msgs'}
[0.000738] (-) JobUnselected: {'identifier': 'actionlib_msgs'}
[0.000768] (-) JobUnselected: {'identifier': 'actuator_msgs'}
[0.000790] (-) JobUnselected: {'identifier': 'ament_clang_format'}
[0.000921] (-) JobUnselected: {'identifier': 'ament_cmake'}
[0.000952] (-) JobUnselected: {'identifier': 'ament_cmake_auto'}
[0.000996] (-) JobUnselected: {'identifier': 'ament_cmake_clang_format'}
[0.001019] (-) JobUnselected: {'identifier': 'ament_cmake_copyright'}
[0.001046] (-) JobUnselected: {'identifier': 'ament_cmake_core'}
[0.001067] (-) JobUnselected: {'identifier': 'ament_cmake_cppcheck'}
[0.001148] (-) JobUnselected: {'identifier': 'ament_cmake_cpplint'}
[0.001174] (-) JobUnselected: {'identifier': 'ament_cmake_export_definitions'}
[0.001225] (-) JobUnselected: {'identifier': 'ament_cmake_export_dependencies'}
[0.001249] (-) JobUnselected: {'identifier': 'ament_cmake_export_include_directories'}
[0.001270] (-) JobUnselected: {'identifier': 'ament_cmake_export_interfaces'}
[0.001399] (-) JobUnselected: {'identifier': 'ament_cmake_export_libraries'}
[0.001435] (-) JobUnselected: {'identifier': 'ament_cmake_export_link_flags'}
[0.001465] (-) JobUnselected: {'identifier': 'ament_cmake_export_targets'}
[0.001493] (-) JobUnselected: {'identifier': 'ament_cmake_flake8'}
[0.001519] (-) JobUnselected: {'identifier': 'ament_cmake_gen_version_h'}
[0.001546] (-) JobUnselected: {'identifier': 'ament_cmake_gmock'}
[0.001572] (-) JobUnselected: {'identifier': 'ament_cmake_gtest'}
[0.001599] (-) JobUnselected: {'identifier': 'ament_cmake_include_directories'}
[0.001623] (-) JobUnselected: {'identifier': 'ament_cmake_libraries'}
[0.001643] (-) JobUnselected: {'identifier': 'ament_cmake_lint_cmake'}
[0.001673] (-) JobUnselected: {'identifier': 'ament_cmake_pep257'}
[0.001695] (-) JobUnselected: {'identifier': 'ament_cmake_pytest'}
[0.001715] (-) JobUnselected: {'identifier': 'ament_cmake_python'}
[0.001766] (-) JobUnselected: {'identifier': 'ament_cmake_ros'}
[0.001795] (-) JobUnselected: {'identifier': 'ament_cmake_target_dependencies'}
[0.001827] (-) JobUnselected: {'identifier': 'ament_cmake_test'}
[0.001848] (-) JobUnselected: {'identifier': 'ament_cmake_uncrustify'}
[0.001875] (-) JobUnselected: {'identifier': 'ament_cmake_version'}
[0.001925] (-) JobUnselected: {'identifier': 'ament_cmake_xmllint'}
[0.001956] (-) JobUnselected: {'identifier': 'ament_copyright'}
[0.001987] (-) JobUnselected: {'identifier': 'ament_cppcheck'}
[0.002008] (-) JobUnselected: {'identifier': 'ament_cpplint'}
[0.002028] (-) JobUnselected: {'identifier': 'ament_flake8'}
[0.002046] (-) JobUnselected: {'identifier': 'ament_index_cpp'}
[0.002075] (-) JobUnselected: {'identifier': 'ament_index_cpp'}
[0.002095] (-) JobUnselected: {'identifier': 'ament_index_python'}
[0.002121] (-) JobUnselected: {'identifier': 'ament_index_python'}
[0.002164] (-) JobUnselected: {'identifier': 'ament_lint'}
[0.002184] (-) JobUnselected: {'identifier': 'ament_lint_auto'}
[0.002211] (-) JobUnselected: {'identifier': 'ament_lint_cmake'}
[0.002231] (-) JobUnselected: {'identifier': 'ament_lint_common'}
[0.002273] (-) JobUnselected: {'identifier': 'ament_package'}
[0.002293] (-) JobUnselected: {'identifier': 'ament_pep257'}
[0.002320] (-) JobUnselected: {'identifier': 'ament_uncrustify'}
[0.002340] (-) JobUnselected: {'identifier': 'ament_xmllint'}
[0.002359] (-) JobUnselected: {'identifier': 'angles'}
[0.002378] (-) JobUnselected: {'identifier': 'backward_ros'}
[0.002429] (-) JobUnselected: {'identifier': 'builtin_interfaces'}
[0.002481] (-) JobUnselected: {'identifier': 'builtin_interfaces'}
[0.002506] (-) JobUnselected: {'identifier': 'class_loader'}
[0.002619] (-) JobUnselected: {'identifier': 'cmake_defines'}
[0.002653] (-) JobUnselected: {'identifier': 'cmake_defines'}
[0.002681] (-) JobUnselected: {'identifier': 'cmake_with_data_example'}
[0.002709] (-) JobUnselected: {'identifier': 'cmake_with_target_example'}
[0.002736] (-) JobUnselected: {'identifier': 'common_interfaces'}
[0.002765] (-) JobUnselected: {'identifier': 'common_interfaces'}
[0.002788] (-) JobUnselected: {'identifier': 'composition_interfaces'}
[0.002814] (-) JobUnselected: {'identifier': 'composition_interfaces'}
[0.002841] (-) JobUnselected: {'identifier': 'compressed_depth_image_transport'}
[0.002880] (-) JobUnselected: {'identifier': 'compressed_image_transport'}
[0.002922] (-) JobUnselected: {'identifier': 'console_bridge_vendor'}
[0.002945] (-) JobUnselected: {'identifier': 'control_msgs'}
[0.002971] (-) JobUnselected: {'identifier': 'control_toolbox'}
[0.002991] (-) JobUnselected: {'identifier': 'controller_interface'}
[0.003031] (-) JobUnselected: {'identifier': 'controller_manager'}
[0.003089] (-) JobUnselected: {'identifier': 'controller_manager_msgs'}
[0.003127] (-) JobUnselected: {'identifier': 'cv_bridge'}
[0.003153] (-) JobUnselected: {'identifier': 'cyclonedds'}
[0.003177] (-) JobUnselected: {'identifier': 'diagnostic_msgs'}
[0.003196] (-) JobUnselected: {'identifier': 'diagnostic_msgs'}
[0.003213] (-) JobUnselected: {'identifier': 'domain_coordinator'}
[0.003231] (-) JobUnselected: {'identifier': 'drake'}
[0.003282] (-) JobUnselected: {'identifier': 'drake'}
[0.003310] (-) JobUnselected: {'identifier': 'drake'}
[0.003329] (-) JobUnselected: {'identifier': 'drake'}
[0.003370] (-) JobUnselected: {'identifier': 'drake'}
[0.003390] (-) JobUnselected: {'identifier': 'drake'}
[0.003418] (-) JobUnselected: {'identifier': 'drake'}
[0.003436] (-) JobUnselected: {'identifier': 'drake'}
[0.003452] (-) JobUnselected: {'identifier': 'drake'}
[0.003468] (-) JobUnselected: {'identifier': 'drake_models'}
[0.003495] (-) JobUnselected: {'identifier': 'drake_models'}
[0.003535] (-) JobUnselected: {'identifier': 'drake_models'}
[0.003560] (-) JobUnselected: {'identifier': 'drake_models'}
[0.003578] (-) JobUnselected: {'identifier': 'drake_models'}
[0.003596] (-) JobUnselected: {'identifier': 'drake_models'}
[0.003612] (-) JobUnselected: {'identifier': 'drake_models'}
[0.003739] (-) JobUnselected: {'identifier': 'drake_models'}
[0.003901] (-) JobUnselected: {'identifier': 'eigen3_cmake_module'}
[0.003981] (-) JobUnselected: {'identifier': 'eigen_stl_containers'}
[0.004011] (-) JobUnselected: {'identifier': 'eigenpy'}
[0.004043] (-) JobUnselected: {'identifier': 'fastrtps_cmake_module'}
[0.004069] (-) JobUnselected: {'identifier': 'filters'}
[0.004335] (-) JobUnselected: {'identifier': 'foonathan_memory_vendor'}
[0.004374] (-) JobUnselected: {'identifier': 'generate_parameter_library'}
[0.004392] (-) JobUnselected: {'identifier': 'generate_parameter_library_py'}
[0.004406] (-) JobUnselected: {'identifier': 'geometric_shapes'}
[0.004421] (-) JobUnselected: {'identifier': 'geometry2'}
[0.004434] (-) JobUnselected: {'identifier': 'geometry_msgs'}
[0.004448] (-) JobUnselected: {'identifier': 'geometry_msgs'}
[0.004463] (-) JobUnselected: {'identifier': 'gmock'}
[0.004477] (-) JobUnselected: {'identifier': 'gmock_vendor'}
[0.004490] (-) JobUnselected: {'identifier': 'gps_msgs'}
[0.004504] (-) JobUnselected: {'identifier': 'gtest'}
[0.004517] (-) JobUnselected: {'identifier': 'gtest_vendor'}
[0.004530] (-) JobUnselected: {'identifier': 'hardware_interface'}
[0.004545] (-) JobUnselected: {'identifier': 'hardware_interface_testing'}
[0.004558] (-) JobUnselected: {'identifier': 'hellolib'}
[0.004571] (-) JobUnselected: {'identifier': 'hellolib'}
[0.004595] (-) JobUnselected: {'identifier': 'hellolib'}
[0.004620] (-) JobUnselected: {'identifier': 'hellolib'}
[0.004636] (-) JobUnselected: {'identifier': 'hpp-fcl'}
[0.004654] (-) JobUnselected: {'identifier': 'ignition_cmake2_vendor'}
[0.004684] (-) JobUnselected: {'identifier': 'ignition_math6_vendor'}
[0.004700] (-) JobUnselected: {'identifier': 'image_transport'}
[0.004764] (-) JobUnselected: {'identifier': 'image_transport_plugins'}
[0.004821] (-) JobUnselected: {'identifier': 'interactive_markers'}
[0.004840] (-) JobUnselected: {'identifier': 'joint_state_broadcaster'}
[0.004865] (-) JobUnselected: {'identifier': 'joint_state_publisher'}
[0.004890] (-) JobUnselected: {'identifier': 'joint_state_publisher_gui'}
[0.005031] (-) JobUnselected: {'identifier': 'joint_trajectory_controller'}
[0.005059] (-) JobUnselected: {'identifier': 'kdl_parser'}
[0.005082] (-) JobUnselected: {'identifier': 'keyboard_handler'}
[0.005105] (-) JobUnselected: {'identifier': 'laser_geometry'}
[0.005123] (-) JobUnselected: {'identifier': 'launch'}
[0.005154] (-) JobUnselected: {'identifier': 'launch_ros'}
[0.005215] (-) JobUnselected: {'identifier': 'launch_testing'}
[0.005269] (-) JobUnselected: {'identifier': 'launch_testing_ament_cmake'}
[0.005302] (-) JobUnselected: {'identifier': 'launch_testing_ros'}
[0.005327] (-) JobUnselected: {'identifier': 'launch_xml'}
[0.005568] (-) JobUnselected: {'identifier': 'launch_yaml'}
[0.005586] (-) JobUnselected: {'identifier': 'liba'}
[0.005602] (-) JobUnselected: {'identifier': 'liba'}
[0.005618] (-) JobUnselected: {'identifier': 'libb'}
[0.005642] (-) JobUnselected: {'identifier': 'libb'}
[0.005657] (-) JobUnselected: {'identifier': 'libc'}
[0.005673] (-) JobUnselected: {'identifier': 'libcurl_vendor'}
[0.005702] (-) JobUnselected: {'identifier': 'libstatistics_collector'}
[0.005717] (-) JobUnselected: {'identifier': 'libstatistics_collector'}
[0.005880] (-) JobUnselected: {'identifier': 'libyaml_vendor'}
[0.005934] (-) JobUnselected: {'identifier': 'lifecycle_msgs'}
[0.005981] (-) JobUnselected: {'identifier': 'lifecycle_msgs'}
[0.006028] (-) JobUnselected: {'identifier': 'map_msgs'}
[0.006064] (-) JobUnselected: {'identifier': 'message_filters'}
[0.006096] (-) JobUnselected: {'identifier': 'moveit_common'}
[0.006130] (-) JobUnselected: {'identifier': 'moveit_core'}
[0.006160] (-) JobUnselected: {'identifier': 'moveit_kinematics'}
[0.006192] (-) JobUnselected: {'identifier': 'moveit_msgs'}
[0.006222] (-) JobUnselected: {'identifier': 'moveit_planners_ompl'}
[0.006253] (-) JobUnselected: {'identifier': 'moveit_ros_move_group'}
[0.006284] (-) JobUnselected: {'identifier': 'moveit_ros_occupancy_map_monitor'}
[0.006314] (-) JobUnselected: {'identifier': 'moveit_ros_planning'}
[0.006345] (-) JobUnselected: {'identifier': 'moveit_ros_planning_interface'}
[0.006376] (-) JobUnselected: {'identifier': 'moveit_ros_robot_interaction'}
[0.006405] (-) JobUnselected: {'identifier': 'moveit_ros_visualization'}
[0.006433] (-) JobUnselected: {'identifier': 'moveit_ros_warehouse'}
[0.006477] (-) JobUnselected: {'identifier': 'moveit_simple_controller_manager'}
[0.006506] (-) JobUnselected: {'identifier': 'my-test-package'}
[0.006534] (-) JobUnselected: {'identifier': 'nav_msgs'}
[0.006561] (-) JobUnselected: {'identifier': 'nav_msgs'}
[0.006589] (-) JobUnselected: {'identifier': 'object_recognition_msgs'}
[0.006617] (-) JobUnselected: {'identifier': 'octomap'}
[0.006647] (-) JobUnselected: {'identifier': 'octomap_msgs'}
[0.006676] (-) JobUnselected: {'identifier': 'ompl'}
[0.006706] (-) JobUnselected: {'identifier': 'orocos_kdl_vendor'}
[0.006735] (-) JobUnselected: {'identifier': 'osrf_pycommon'}
[0.006762] (-) JobUnselected: {'identifier': 'parameter_traits'}
[0.006791] (-) JobUnselected: {'identifier': 'pinocchio'}
[0.006820] (-) JobUnselected: {'identifier': 'plugin1'}
[0.006848] (-) JobUnselected: {'identifier': 'pluginlib'}
[0.006876] (-) JobUnselected: {'identifier': 'pybind11_vendor'}
[0.006905] (-) JobUnselected: {'identifier': 'python_cmake_module'}
[0.006932] (-) JobUnselected: {'identifier': 'python_orocos_kdl_vendor'}
[0.006960] (-) JobUnselected: {'identifier': 'python_qt_binding'}
[0.006988] (-) JobUnselected: {'identifier': 'qt_gui'}
[0.007016] (-) JobUnselected: {'identifier': 'qt_gui_cpp'}
[0.007044] (-) JobUnselected: {'identifier': 'qt_gui_py_common'}
[0.007086] (-) JobUnselected: {'identifier': 'random_numbers'}
[0.007131] (-) JobUnselected: {'identifier': 'rcl'}
[0.007183] (-) JobUnselected: {'identifier': 'rcl'}
[0.007215] (-) JobUnselected: {'identifier': 'rcl_action'}
[0.007246] (-) JobUnselected: {'identifier': 'rcl_action'}
[0.007277] (-) JobUnselected: {'identifier': 'rcl_interfaces'}
[0.007308] (-) JobUnselected: {'identifier': 'rcl_interfaces'}
[0.007339] (-) JobUnselected: {'identifier': 'rcl_lifecycle'}
[0.007368] (-) JobUnselected: {'identifier': 'rcl_lifecycle'}
[0.007440] (-) JobUnselected: {'identifier': 'rcl_logging_interface'}
[0.007490] (-) JobUnselected: {'identifier': 'rcl_logging_interface'}
[0.007538] (-) JobUnselected: {'identifier': 'rcl_logging_noop'}
[0.007584] (-) JobUnselected: {'identifier': 'rcl_logging_spdlog'}
[0.007627] (-) JobUnselected: {'identifier': 'rcl_logging_spdlog'}
[0.007671] (-) JobUnselected: {'identifier': 'rcl_yaml_param_parser'}
[0.007714] (-) JobUnselected: {'identifier': 'rcl_yaml_param_parser'}
[0.007754] (-) JobUnselected: {'identifier': 'rclcpp'}
[0.007798] (-) JobUnselected: {'identifier': 'rclcpp'}
[0.007842] (-) JobUnselected: {'identifier': 'rclcpp_action'}
[0.007884] (-) JobUnselected: {'identifier': 'rclcpp_action'}
[0.007927] (-) JobUnselected: {'identifier': 'rclcpp_components'}
[0.007970] (-) JobUnselected: {'identifier': 'rclcpp_components'}
[0.008011] (-) JobUnselected: {'identifier': 'rclcpp_lifecycle'}
[0.008055] (-) JobUnselected: {'identifier': 'rclcpp_lifecycle'}
[0.008098] (-) JobUnselected: {'identifier': 'rclpy'}
[0.008140] (-) JobUnselected: {'identifier': 'rcpputils'}
[0.008184] (-) JobUnselected: {'identifier': 'rcpputils'}
[0.008229] (-) JobUnselected: {'identifier': 'rcutils'}
[0.008272] (-) JobUnselected: {'identifier': 'rcutils'}
[0.008314] (-) JobUnselected: {'identifier': 'realtime_tools'}
[0.008356] (-) JobUnselected: {'identifier': 'resource_retriever'}
[0.008400] (-) JobUnselected: {'identifier': 'rmw'}
[0.008443] (-) JobUnselected: {'identifier': 'rmw'}
[0.008485] (-) JobUnselected: {'identifier': 'rmw_cyclonedds_cpp'}
[0.008527] (-) JobUnselected: {'identifier': 'rmw_cyclonedds_cpp'}
[0.008568] (-) JobUnselected: {'identifier': 'rmw_dds_common'}
[0.008611] (-) JobUnselected: {'identifier': 'rmw_dds_common'}
[0.008653] (-) JobUnselected: {'identifier': 'rmw_fastrtps_cpp'}
[0.008696] (-) JobUnselected: {'identifier': 'rmw_fastrtps_shared_cpp'}
[0.008740] (-) JobUnselected: {'identifier': 'rmw_implementation'}
[0.008782] (-) JobUnselected: {'identifier': 'rmw_implementation'}
[0.008823] (-) JobUnselected: {'identifier': 'rmw_implementation_cmake'}
[0.008865] (-) JobUnselected: {'identifier': 'rmw_implementation_cmake'}
[0.008906] (-) JobUnselected: {'identifier': 'robot_state_publisher'}
[0.008947] (-) JobUnselected: {'identifier': 'ros2_control_test_assets'}
[0.008988] (-) JobUnselected: {'identifier': 'ros2action'}
[0.009032] (-) JobUnselected: {'identifier': 'ros2bag'}
[0.009073] (-) JobUnselected: {'identifier': 'ros2cli'}
[0.009115] (-) JobUnselected: {'identifier': 'ros2cli_common_extensions'}
[0.009156] (-) JobUnselected: {'identifier': 'ros2component'}
[0.009199] (-) JobUnselected: {'identifier': 'ros2controlcli'}
[0.009242] (-) JobUnselected: {'identifier': 'ros2doctor'}
[0.009287] (-) JobUnselected: {'identifier': 'ros2interface'}
[0.009329] (-) JobUnselected: {'identifier': 'ros2launch'}
[0.009372] (-) JobUnselected: {'identifier': 'ros2lifecycle'}
[0.009416] (-) JobUnselected: {'identifier': 'ros2multicast'}
[0.009459] (-) JobUnselected: {'identifier': 'ros2node'}
[0.009503] (-) JobUnselected: {'identifier': 'ros2param'}
[0.009543] (-) JobUnselected: {'identifier': 'ros2pkg'}
[0.009584] (-) JobUnselected: {'identifier': 'ros2run'}
[0.009628] (-) JobUnselected: {'identifier': 'ros2service'}
[0.009671] (-) JobUnselected: {'identifier': 'ros2topic'}
[0.009714] (-) JobUnselected: {'identifier': 'ros2trace'}
[0.009757] (-) JobUnselected: {'identifier': 'ros_base'}
[0.009801] (-) JobUnselected: {'identifier': 'ros_core'}
[0.009843] (-) JobUnselected: {'identifier': 'ros_environment'}
[0.009886] (-) JobUnselected: {'identifier': 'ros_gz'}
[0.009929] (-) JobUnselected: {'identifier': 'ros_gz_bridge'}
[0.010059] (-) JobUnselected: {'identifier': 'ros_gz_image'}
[0.010091] (-) JobUnselected: {'identifier': 'ros_gz_interfaces'}
[0.010117] (-) JobUnselected: {'identifier': 'ros_gz_sim'}
[0.010142] (-) JobUnselected: {'identifier': 'ros_gz_sim_demos'}
[0.010265] (-) JobUnselected: {'identifier': 'ros_workspace'}
[0.010295] (-) JobUnselected: {'identifier': 'rosbag2'}
[0.010321] (-) JobUnselected: {'identifier': 'rosbag2_compression'}
[0.010342] (-) JobUnselected: {'identifier': 'rosbag2_compression_zstd'}
[0.010363] (-) JobUnselected: {'identifier': 'rosbag2_cpp'}
[0.010382] (-) JobUnselected: {'identifier': 'rosbag2_interfaces'}
[0.010400] (-) JobUnselected: {'identifier': 'rosbag2_py'}
[0.010419] (-) JobUnselected: {'identifier': 'rosbag2_storage'}
[0.010437] (-) JobUnselected: {'identifier': 'rosbag2_storage_default_plugins'}
[0.010456] (-) JobUnselected: {'identifier': 'rosbag2_transport'}
[0.010474] (-) JobUnselected: {'identifier': 'rosgraph_msgs'}
[0.010493] (-) JobUnselected: {'identifier': 'rosgraph_msgs'}
[0.010512] (-) JobUnselected: {'identifier': 'rosidl_adapter'}
[0.010535] (-) JobUnselected: {'identifier': 'rosidl_adapter'}
[0.010569] (-) JobUnselected: {'identifier': 'rosidl_cli'}
[0.010593] (-) JobUnselected: {'identifier': 'rosidl_cli'}
[0.010623] (-) JobUnselected: {'identifier': 'rosidl_cmake'}
[0.010646] (-) JobUnselected: {'identifier': 'rosidl_cmake'}
[0.010668] (-) JobUnselected: {'identifier': 'rosidl_default_generators'}
[0.010859] (-) JobUnselected: {'identifier': 'rosidl_default_runtime'}
[0.010893] (-) JobUnselected: {'identifier': 'rosidl_generator_c'}
[0.010925] (-) JobUnselected: {'identifier': 'rosidl_generator_c'}
[0.010948] (-) JobUnselected: {'identifier': 'rosidl_generator_cpp'}
[0.010970] (-) JobUnselected: {'identifier': 'rosidl_generator_cpp'}
[0.011001] (-) JobUnselected: {'identifier': 'rosidl_generator_py'}
[0.011023] (-) JobUnselected: {'identifier': 'rosidl_parser'}
[0.011053] (-) JobUnselected: {'identifier': 'rosidl_parser'}
[0.011089] (-) JobUnselected: {'identifier': 'rosidl_runtime_c'}
[0.011116] (-) JobUnselected: {'identifier': 'rosidl_runtime_c'}
[0.011139] (-) JobUnselected: {'identifier': 'rosidl_runtime_cpp'}
[0.011169] (-) JobUnselected: {'identifier': 'rosidl_runtime_cpp'}
[0.011192] (-) JobUnselected: {'identifier': 'rosidl_runtime_py'}
[0.011214] (-) JobUnselected: {'identifier': 'rosidl_typesupport_c'}
[0.011235] (-) JobUnselected: {'identifier': 'rosidl_typesupport_c'}
[0.011266] (-) JobUnselected: {'identifier': 'rosidl_typesupport_cpp'}
[0.011295] (-) JobUnselected: {'identifier': 'rosidl_typesupport_cpp'}
[0.011318] (-) JobUnselected: {'identifier': 'rosidl_typesupport_fastrtps_c'}
[0.011340] (-) JobUnselected: {'identifier': 'rosidl_typesupport_fastrtps_cpp'}
[0.011366] (-) JobUnselected: {'identifier': 'rosidl_typesupport_interface'}
[0.011388] (-) JobUnselected: {'identifier': 'rosidl_typesupport_interface'}
[0.011410] (-) JobUnselected: {'identifier': 'rosidl_typesupport_introspection_c'}
[0.011440] (-) JobUnselected: {'identifier': 'rosidl_typesupport_introspection_c'}
[0.011470] (-) JobUnselected: {'identifier': 'rosidl_typesupport_introspection_cpp'}
[0.011492] (-) JobUnselected: {'identifier': 'rosidl_typesupport_introspection_cpp'}
[0.011522] (-) JobUnselected: {'identifier': 'rosidl_typesupport_introspection_tests'}
[0.011551] (-) JobUnselected: {'identifier': 'rpyutils'}
[0.011574] (-) JobUnselected: {'identifier': 'rqt_gui'}
[0.011603] (-) JobUnselected: {'identifier': 'rqt_gui_cpp'}
[0.011626] (-) JobUnselected: {'identifier': 'rqt_gui_py'}
[0.011655] (-) JobUnselected: {'identifier': 'rqt_image_view'}
[0.011678] (-) JobUnselected: {'identifier': 'rqt_plot'}
[0.011707] (-) JobUnselected: {'identifier': 'rqt_py_common'}
[0.011730] (-) JobUnselected: {'identifier': 'rqt_topic'}
[0.011760] (-) JobUnselected: {'identifier': 'ruckig'}
[0.011788] (-) JobUnselected: {'identifier': 'rviz2'}
[0.011818] (-) JobUnselected: {'identifier': 'rviz_assimp_vendor'}
[0.011849] (-) JobUnselected: {'identifier': 'rviz_common'}
[0.011871] (-) JobUnselected: {'identifier': 'rviz_default_plugins'}
[0.011911] (-) JobUnselected: {'identifier': 'rviz_ogre_vendor'}
[0.011942] (-) JobUnselected: {'identifier': 'rviz_rendering'}
[0.011967] (-) JobUnselected: {'identifier': 'sdformat_urdf'}
[0.011998] (-) JobUnselected: {'identifier': 'sensor_msgs'}
[0.012021] (-) JobUnselected: {'identifier': 'sensor_msgs'}
[0.012051] (-) JobUnselected: {'identifier': 'sensor_msgs_py'}
[0.012080] (-) JobUnselected: {'identifier': 'sensor_msgs_py'}
[0.012109] (-) JobUnselected: {'identifier': 'shape_msgs'}
[0.012131] (-) JobUnselected: {'identifier': 'shape_msgs'}
[0.012161] (-) JobUnselected: {'identifier': 'shared_queues_vendor'}
[0.012184] (-) JobUnselected: {'identifier': 'six'}
[0.012206] (-) JobUnselected: {'identifier': 'spdlog'}
[0.012228] (-) JobUnselected: {'identifier': 'spdlog_vendor'}
[0.012258] (-) JobUnselected: {'identifier': 'sqlite3_vendor'}
[0.012288] (-) JobUnselected: {'identifier': 'srdfdom'}
[0.012311] (-) JobUnselected: {'identifier': 'sros2'}
[0.012341] (-) JobUnselected: {'identifier': 'sros2_cmake'}
[0.012371] (-) JobUnselected: {'identifier': 'statistics_msgs'}
[0.012395] (-) JobUnselected: {'identifier': 'statistics_msgs'}
[0.012417] (-) JobUnselected: {'identifier': 'std_msgs'}
[0.012447] (-) JobUnselected: {'identifier': 'std_msgs'}
[0.012469] (-) JobUnselected: {'identifier': 'std_srvs'}
[0.012491] (-) JobUnselected: {'identifier': 'std_srvs'}
[0.012512] (-) JobUnselected: {'identifier': 'stereo_msgs'}
[0.012534] (-) JobUnselected: {'identifier': 'stereo_msgs'}
[0.012565] (-) JobUnselected: {'identifier': 'tango_icons_vendor'}
[0.012588] (-) JobUnselected: {'identifier': 'tcb_span'}
[0.012610] (-) JobUnselected: {'identifier': 'test_msgs'}
[0.012639] (-) JobUnselected: {'identifier': 'test_rmw_implementation'}
[0.012668] (-) JobUnselected: {'identifier': 'test_tracetools'}
[0.012693] (-) JobUnselected: {'identifier': 'test_tracetools_launch'}
[0.012723] (-) JobUnselected: {'identifier': 'tf2'}
[0.012753] (-) JobUnselected: {'identifier': 'tf2_bullet'}
[0.012781] (-) JobUnselected: {'identifier': 'tf2_eigen'}
[0.012803] (-) JobUnselected: {'identifier': 'tf2_eigen_kdl'}
[0.012825] (-) JobUnselected: {'identifier': 'tf2_geometry_msgs'}
[0.012846] (-) JobUnselected: {'identifier': 'tf2_kdl'}
[0.012876] (-) JobUnselected: {'identifier': 'tf2_msgs'}
[0.012905] (-) JobUnselected: {'identifier': 'tf2_py'}
[0.012927] (-) JobUnselected: {'identifier': 'tf2_ros'}
[0.012949] (-) JobUnselected: {'identifier': 'tf2_ros_py'}
[0.012971] (-) JobUnselected: {'identifier': 'tf2_sensor_msgs'}
[0.013001] (-) JobUnselected: {'identifier': 'tf2_tools'}
[0.013022] (-) JobUnselected: {'identifier': 'theora_image_transport'}
[0.013044] (-) JobUnselected: {'identifier': 'tinyxml2_vendor'}
[0.013066] (-) JobUnselected: {'identifier': 'tinyxml_vendor'}
[0.013087] (-) JobUnselected: {'identifier': 'tl_expected'}
[0.013117] (-) JobUnselected: {'identifier': 'tracetools'}
[0.013146] (-) JobUnselected: {'identifier': 'tracetools'}
[0.013175] (-) JobUnselected: {'identifier': 'tracetools_launch'}
[0.013197] (-) JobUnselected: {'identifier': 'tracetools_read'}
[0.013219] (-) JobUnselected: {'identifier': 'tracetools_test'}
[0.013240] (-) JobUnselected: {'identifier': 'tracetools_trace'}
[0.013270] (-) JobUnselected: {'identifier': 'trajectory_msgs'}
[0.013292] (-) JobUnselected: {'identifier': 'trajectory_msgs'}
[0.013313] (-) JobUnselected: {'identifier': 'uncrustify_vendor'}
[0.013335] (-) JobUnselected: {'identifier': 'unique_identifier_msgs'}
[0.013365] (-) JobUnselected: {'identifier': 'urdf'}
[0.013395] (-) JobUnselected: {'identifier': 'urdf_parser_plugin'}
[0.013416] (-) JobUnselected: {'identifier': 'urdfdom'}
[0.013438] (-) JobUnselected: {'identifier': 'urdfdom_py'}
[0.013459] (-) JobUnselected: {'identifier': 'vision_msgs'}
[0.013490] (-) JobUnselected: {'identifier': 'visualization_msgs'}
[0.013542] (-) JobUnselected: {'identifier': 'visualization_msgs'}
[0.013570] (-) JobUnselected: {'identifier': 'warehouse_ros'}
[0.013592] (-) JobUnselected: {'identifier': 'xacro'}
[0.013637] (-) JobUnselected: {'identifier': 'yaml'}
[0.013660] (-) JobUnselected: {'identifier': 'yaml_cpp_vendor'}
[0.013682] (-) JobUnselected: {'identifier': 'zlib-example'}
[0.013704] (-) JobUnselected: {'identifier': 'zstd_vendor'}
[0.013730] (lcm_ros2_bridge) JobQueued: {'identifier': 'lcm_ros2_bridge', 'dependencies': OrderedDict([('ament_cppcheck', '/home/yaashiagautam/drake-franka-driver/install/ament_cppcheck'), ('ament_lint', '/home/yaashiagautam/drake-franka-driver/install/ament_lint'), ('ament_package', '/home/yaashiagautam/drake-franka-driver/install/ament_package'), ('cyclonedds', '/home/yaashiagautam/drake-franka-driver/install/cyclonedds'), ('gtest', '/home/yaashiagautam/drake-franka-driver/install/gtest'), ('gtest_vendor', '/home/yaashiagautam/drake-franka-driver/install/gtest_vendor'), ('osrf_pycommon', '/home/yaashiagautam/drake-franka-driver/install/osrf_pycommon'), ('spdlog', '/home/yaashiagautam/drake-franka-driver/install/spdlog'), ('yaml', '/home/yaashiagautam/drake-franka-driver/install/yaml'), ('ament_cmake_core', '/home/yaashiagautam/drake-franka-driver/install/ament_cmake_core'), ('ament_flake8', '/home/yaashiagautam/drake-franka-driver/install/ament_flake8'), ('gmock_vendor', '/home/yaashiagautam/drake-franka-driver/install/gmock_vendor'), ('ament_cmake_export_definitions', '/home/yaashiagautam/drake-franka-driver/install/ament_cmake_export_definitions'), ('ament_cmake_export_include_directories', '/home/yaashiagautam/drake-franka-driver/install/ament_cmake_export_include_directories'), ('ament_cmake_export_libraries', '/home/yaashiagautam/drake-franka-driver/install/ament_cmake_export_libraries'), ('ament_cmake_export_link_flags', '/home/yaashiagautam/drake-franka-driver/install/ament_cmake_export_link_flags'), ('ament_cmake_include_directories', '/home/yaashiagautam/drake-franka-driver/install/ament_cmake_include_directories'), ('ament_cmake_libraries', '/home/yaashiagautam/drake-franka-driver/install/ament_cmake_libraries'), ('ament_cmake_python', '/home/yaashiagautam/drake-franka-driver/install/ament_cmake_python'), ('ament_cmake_version', '/home/yaashiagautam/drake-franka-driver/install/ament_cmake_version'), ('ament_pep257', '/home/yaashiagautam/drake-franka-driver/install/ament_pep257'), ('ament_cmake_export_dependencies', '/home/yaashiagautam/drake-franka-driver/install/ament_cmake_export_dependencies'), ('ament_cmake_export_interfaces', '/home/yaashiagautam/drake-franka-driver/install/ament_cmake_export_interfaces'), ('ament_cmake_export_targets', '/home/yaashiagautam/drake-franka-driver/install/ament_cmake_export_targets'), ('ament_cmake_target_dependencies', '/home/yaashiagautam/drake-franka-driver/install/ament_cmake_target_dependencies'), ('ament_cmake_test', '/home/yaashiagautam/drake-franka-driver/install/ament_cmake_test'), ('ament_copyright', '/home/yaashiagautam/drake-franka-driver/install/ament_copyright'), ('ament_cmake_gtest', '/home/yaashiagautam/drake-franka-driver/install/ament_cmake_gtest'), ('ament_cmake_pytest', '/home/yaashiagautam/drake-franka-driver/install/ament_cmake_pytest'), ('ament_cpplint', '/home/yaashiagautam/drake-franka-driver/install/ament_cpplint'), ('ament_index_python', '/home/yaashiagautam/drake-franka-driver/install/ament_index_python'), ('ament_lint_auto', '/home/yaashiagautam/drake-franka-driver/install/ament_lint_auto'), ('ament_lint_cmake', '/home/yaashiagautam/drake-franka-driver/install/ament_lint_cmake'), ('ament_xmllint', '/home/yaashiagautam/drake-franka-driver/install/ament_xmllint'), ('domain_coordinator', '/home/yaashiagautam/drake-franka-driver/install/domain_coordinator'), ('ament_cmake_gen_version_h', '/home/yaashiagautam/drake-franka-driver/install/ament_cmake_gen_version_h'), ('ament_cmake_gmock', '/home/yaashiagautam/drake-franka-driver/install/ament_cmake_gmock'), ('ament_cmake_lint_cmake', '/home/yaashiagautam/drake-franka-driver/install/ament_cmake_lint_cmake'), ('launch', '/home/yaashiagautam/drake-franka-driver/install/launch'), ('rosidl_cli', '/home/yaashiagautam/drake-franka-driver/install/rosidl_cli'), ('rpyutils', '/home/yaashiagautam/drake-franka-driver/install/rpyutils'), ('ament_cmake', '/home/yaashiagautam/drake-franka-driver/install/ament_cmake'), ('ament_cmake_copyright', '/home/yaashiagautam/drake-franka-driver/install/ament_cmake_copyright'), ('launch_xml', '/home/yaashiagautam/drake-franka-driver/install/launch_xml'), ('launch_yaml', '/home/yaashiagautam/drake-franka-driver/install/launch_yaml'), ('ament_cmake_cppcheck', '/home/yaashiagautam/drake-franka-driver/install/ament_cmake_cppcheck'), ('ament_cmake_cpplint', '/home/yaashiagautam/drake-franka-driver/install/ament_cmake_cpplint'), ('ament_cmake_flake8', '/home/yaashiagautam/drake-franka-driver/install/ament_cmake_flake8'), ('ament_cmake_pep257', '/home/yaashiagautam/drake-franka-driver/install/ament_cmake_pep257'), ('ament_cmake_xmllint', '/home/yaashiagautam/drake-franka-driver/install/ament_cmake_xmllint'), ('launch_testing', '/home/yaashiagautam/drake-franka-driver/install/launch_testing'), ('pybind11_vendor', '/home/yaashiagautam/drake-franka-driver/install/pybind11_vendor'), ('uncrustify_vendor', '/home/yaashiagautam/drake-franka-driver/install/uncrustify_vendor'), ('ament_uncrustify', '/home/yaashiagautam/drake-franka-driver/install/ament_uncrustify'), ('ament_cmake_uncrustify', '/home/yaashiagautam/drake-franka-driver/install/ament_cmake_uncrustify'), ('ament_lint_common', '/home/yaashiagautam/drake-franka-driver/install/ament_lint_common'), ('ament_cmake_ros', '/home/yaashiagautam/drake-franka-driver/install/ament_cmake_ros'), ('ament_index_cpp', '/home/yaashiagautam/drake-franka-driver/install/ament_index_cpp'), ('fastrtps_cmake_module', '/home/yaashiagautam/drake-franka-driver/install/fastrtps_cmake_module'), ('python_cmake_module', '/home/yaashiagautam/drake-franka-driver/install/python_cmake_module'), ('rmw_implementation_cmake', '/home/yaashiagautam/drake-franka-driver/install/rmw_implementation_cmake'), ('rosidl_adapter', '/home/yaashiagautam/drake-franka-driver/install/rosidl_adapter'), ('rosidl_typesupport_interface', '/home/yaashiagautam/drake-franka-driver/install/rosidl_typesupport_interface'), ('spdlog_vendor', '/home/yaashiagautam/drake-franka-driver/install/spdlog_vendor'), ('launch_testing_ament_cmake', '/home/yaashiagautam/drake-franka-driver/install/launch_testing_ament_cmake'), ('rosidl_parser', '/home/yaashiagautam/drake-franka-driver/install/rosidl_parser'), ('tracetools', '/home/yaashiagautam/drake-franka-driver/install/tracetools'), ('rcutils', '/home/yaashiagautam/drake-franka-driver/install/rcutils'), ('rosidl_cmake', '/home/yaashiagautam/drake-franka-driver/install/rosidl_cmake'), ('rcpputils', '/home/yaashiagautam/drake-franka-driver/install/rcpputils'), ('rosidl_runtime_c', '/home/yaashiagautam/drake-franka-driver/install/rosidl_runtime_c'), ('libyaml_vendor', '/home/yaashiagautam/drake-franka-driver/install/libyaml_vendor'), ('rcl_logging_interface', '/home/yaashiagautam/drake-franka-driver/install/rcl_logging_interface'), ('rmw', '/home/yaashiagautam/drake-franka-driver/install/rmw'), ('rosidl_generator_c', '/home/yaashiagautam/drake-franka-driver/install/rosidl_generator_c'), ('rosidl_runtime_cpp', '/home/yaashiagautam/drake-franka-driver/install/rosidl_runtime_cpp'), ('rosidl_typesupport_introspection_c', '/home/yaashiagautam/drake-franka-driver/install/rosidl_typesupport_introspection_c'), ('rcl_logging_noop', '/home/yaashiagautam/drake-franka-driver/install/rcl_logging_noop'), ('rcl_logging_spdlog', '/home/yaashiagautam/drake-franka-driver/install/rcl_logging_spdlog'), ('rcl_yaml_param_parser', '/home/yaashiagautam/drake-franka-driver/install/rcl_yaml_param_parser'), ('rosidl_generator_cpp', '/home/yaashiagautam/drake-franka-driver/install/rosidl_generator_cpp'), ('rosidl_typesupport_introspection_cpp', '/home/yaashiagautam/drake-franka-driver/install/rosidl_typesupport_introspection_cpp'), ('rosidl_typesupport_fastrtps_cpp', '/home/yaashiagautam/drake-franka-driver/install/rosidl_typesupport_fastrtps_cpp'), ('rosidl_typesupport_fastrtps_c', '/home/yaashiagautam/drake-franka-driver/install/rosidl_typesupport_fastrtps_c'), ('rosidl_typesupport_c', '/home/yaashiagautam/drake-franka-driver/install/rosidl_typesupport_c'), ('rosidl_generator_py', '/home/yaashiagautam/drake-franka-driver/install/rosidl_generator_py'), ('rosidl_typesupport_cpp', '/home/yaashiagautam/drake-franka-driver/install/rosidl_typesupport_cpp'), ('rosidl_default_generators', '/home/yaashiagautam/drake-franka-driver/install/rosidl_default_generators'), ('rosidl_default_runtime', '/home/yaashiagautam/drake-franka-driver/install/rosidl_default_runtime'), ('builtin_interfaces', '/home/yaashiagautam/drake-franka-driver/install/builtin_interfaces'), ('lifecycle_msgs', '/home/yaashiagautam/drake-franka-driver/install/lifecycle_msgs'), ('rmw_dds_common', '/home/yaashiagautam/drake-franka-driver/install/rmw_dds_common'), ('unique_identifier_msgs', '/home/yaashiagautam/drake-franka-driver/install/unique_identifier_msgs'), ('action_msgs', '/home/yaashiagautam/drake-franka-driver/install/action_msgs'), ('rcl_interfaces', '/home/yaashiagautam/drake-franka-driver/install/rcl_interfaces'), ('rmw_cyclonedds_cpp', '/home/yaashiagautam/drake-franka-driver/install/rmw_cyclonedds_cpp'), ('rmw_fastrtps_shared_cpp', '/home/yaashiagautam/drake-franka-driver/install/rmw_fastrtps_shared_cpp'), ('rosgraph_msgs', '/home/yaashiagautam/drake-franka-driver/install/rosgraph_msgs'), ('std_msgs', '/home/yaashiagautam/drake-franka-driver/install/std_msgs'), ('geometry_msgs', '/home/yaashiagautam/drake-franka-driver/install/geometry_msgs'), ('test_msgs', '/home/yaashiagautam/drake-franka-driver/install/test_msgs'), ('rmw_fastrtps_cpp', '/home/yaashiagautam/drake-franka-driver/install/rmw_fastrtps_cpp'), ('sensor_msgs', '/home/yaashiagautam/drake-franka-driver/install/sensor_msgs'), ('rmw_implementation', '/home/yaashiagautam/drake-franka-driver/install/rmw_implementation'), ('rcl', '/home/yaashiagautam/drake-franka-driver/install/rcl'), ('rcl_action', '/home/yaashiagautam/drake-franka-driver/install/rcl_action'), ('rcl_lifecycle', '/home/yaashiagautam/drake-franka-driver/install/rcl_lifecycle'), ('rclpy', '/home/yaashiagautam/drake-franka-driver/install/rclpy')])}
[0.013865] (lcm_ros2_bridge) JobStarted: {'identifier': 'lcm_ros2_bridge'}
[0.014872] (lcm_ros2_bridge) JobEnded: {'identifier': 'lcm_ros2_bridge', 'rc': 1}
[0.025284] (-) EventReactorShutdown: {}
