[0.000000] (-) TimerEvent: {}
[0.000216] (-) JobUnselected: {'identifier': 'FMT'}
[0.000407] (-) JobUnselected: {'identifier': 'FortranCInterface'}
[0.000512] (-) JobUnselected: {'identifier': 'IntelFortranImplicit'}
[0.000611] (-) JobUnselected: {'identifier': 'absl-py'}
[0.000647] (-) JobUnselected: {'identifier': 'action_msgs'}
[0.000710] (-) JobUnselected: {'identifier': 'action_msgs'}
[0.000738] (-) JobUnselected: {'identifier': 'actionlib_msgs'}
[0.000769] (-) JobUnselected: {'identifier': 'actionlib_msgs'}
[0.000788] (-) JobUnselected: {'identifier': 'actuator_msgs'}
[0.000805] (-) JobUnselected: {'identifier': 'ament_clang_format'}
[0.000944] (-) JobUnselected: {'identifier': 'ament_cmake'}
[0.000971] (-) JobUnselected: {'identifier': 'ament_cmake_auto'}
[0.001016] (-) JobUnselected: {'identifier': 'ament_cmake_clang_format'}
[0.001040] (-) JobUnselected: {'identifier': 'ament_cmake_copyright'}
[0.001071] (-) JobUnselected: {'identifier': 'ament_cmake_core'}
[0.001088] (-) JobUnselected: {'identifier': 'ament_cmake_cppcheck'}
[0.001104] (-) JobUnselected: {'identifier': 'ament_cmake_cpplint'}
[0.001197] (-) JobUnselected: {'identifier': 'ament_cmake_export_definitions'}
[0.001223] (-) JobUnselected: {'identifier': 'ament_cmake_export_dependencies'}
[0.001264] (-) JobUnselected: {'identifier': 'ament_cmake_export_include_directories'}
[0.001288] (-) JobUnselected: {'identifier': 'ament_cmake_export_interfaces'}
[0.001321] (-) JobUnselected: {'identifier': 'ament_cmake_export_libraries'}
[0.001342] (-) JobUnselected: {'identifier': 'ament_cmake_export_link_flags'}
[0.001562] (-) JobUnselected: {'identifier': 'ament_cmake_export_targets'}
[0.001600] (-) JobUnselected: {'identifier': 'ament_cmake_flake8'}
[0.001634] (-) JobUnselected: {'identifier': 'ament_cmake_gen_version_h'}
[0.001663] (-) JobUnselected: {'identifier': 'ament_cmake_gmock'}
[0.001692] (-) JobUnselected: {'identifier': 'ament_cmake_gtest'}
[0.001718] (-) JobUnselected: {'identifier': 'ament_cmake_include_directories'}
[0.001745] (-) JobUnselected: {'identifier': 'ament_cmake_libraries'}
[0.001770] (-) JobUnselected: {'identifier': 'ament_cmake_lint_cmake'}
[0.001793] (-) JobUnselected: {'identifier': 'ament_cmake_pep257'}
[0.001817] (-) JobUnselected: {'identifier': 'ament_cmake_pytest'}
[0.001833] (-) JobUnselected: {'identifier': 'ament_cmake_python'}
[0.001855] (-) JobUnselected: {'identifier': 'ament_cmake_ros'}
[0.001898] (-) JobUnselected: {'identifier': 'ament_cmake_target_dependencies'}
[0.001920] (-) JobUnselected: {'identifier': 'ament_cmake_test'}
[0.001942] (-) JobUnselected: {'identifier': 'ament_cmake_uncrustify'}
[0.001964] (-) JobUnselected: {'identifier': 'ament_cmake_version'}
[0.001981] (-) JobUnselected: {'identifier': 'ament_cmake_xmllint'}
[0.002024] (-) JobUnselected: {'identifier': 'ament_copyright'}
[0.002049] (-) JobUnselected: {'identifier': 'ament_cppcheck'}
[0.002074] (-) JobUnselected: {'identifier': 'ament_cpplint'}
[0.002091] (-) JobUnselected: {'identifier': 'ament_flake8'}
[0.002107] (-) JobUnselected: {'identifier': 'ament_index_cpp'}
[0.002123] (-) JobUnselected: {'identifier': 'ament_index_cpp'}
[0.002148] (-) JobUnselected: {'identifier': 'ament_index_python'}
[0.002171] (-) JobUnselected: {'identifier': 'ament_index_python'}
[0.002188] (-) JobUnselected: {'identifier': 'ament_lint'}
[0.002211] (-) JobUnselected: {'identifier': 'ament_lint_auto'}
[0.002252] (-) JobUnselected: {'identifier': 'ament_lint_cmake'}
[0.002274] (-) JobUnselected: {'identifier': 'ament_lint_common'}
[0.002292] (-) JobUnselected: {'identifier': 'ament_package'}
[0.002310] (-) JobUnselected: {'identifier': 'ament_pep257'}
[0.002325] (-) JobUnselected: {'identifier': 'ament_uncrustify'}
[0.002372] (-) JobUnselected: {'identifier': 'ament_xmllint'}
[0.002393] (-) JobUnselected: {'identifier': 'angles'}
[0.002422] (-) JobUnselected: {'identifier': 'backward_ros'}
[0.002439] (-) JobUnselected: {'identifier': 'builtin_interfaces'}
[0.002459] (-) JobUnselected: {'identifier': 'builtin_interfaces'}
[0.002478] (-) JobUnselected: {'identifier': 'class_loader'}
[0.002530] (-) JobUnselected: {'identifier': 'cmake_defines'}
[0.002555] (-) JobUnselected: {'identifier': 'cmake_defines'}
[0.002574] (-) JobUnselected: {'identifier': 'cmake_with_data_example'}
[0.002598] (-) JobUnselected: {'identifier': 'cmake_with_target_example'}
[0.002717] (-) JobUnselected: {'identifier': 'common_interfaces'}
[0.002751] (-) JobUnselected: {'identifier': 'common_interfaces'}
[0.002779] (-) JobUnselected: {'identifier': 'composition_interfaces'}
[0.002806] (-) JobUnselected: {'identifier': 'composition_interfaces'}
[0.002833] (-) JobUnselected: {'identifier': 'compressed_depth_image_transport'}
[0.002857] (-) JobUnselected: {'identifier': 'compressed_image_transport'}
[0.002882] (-) JobUnselected: {'identifier': 'console_bridge_vendor'}
[0.002910] (-) JobUnselected: {'identifier': 'control_msgs'}
[0.002928] (-) JobUnselected: {'identifier': 'control_toolbox'}
[0.002951] (-) JobUnselected: {'identifier': 'controller_interface'}
[0.002977] (-) JobUnselected: {'identifier': 'controller_manager'}
[0.003021] (-) JobUnselected: {'identifier': 'controller_manager_msgs'}
[0.003048] (-) JobUnselected: {'identifier': 'cv_bridge'}
[0.003082] (-) JobUnselected: {'identifier': 'cyclonedds'}
[0.003107] (-) JobUnselected: {'identifier': 'diagnostic_msgs'}
[0.003148] (-) JobUnselected: {'identifier': 'diagnostic_msgs'}
[0.003174] (-) JobUnselected: {'identifier': 'domain_coordinator'}
[0.003200] (-) JobUnselected: {'identifier': 'drake'}
[0.003220] (-) JobUnselected: {'identifier': 'drake'}
[0.003237] (-) JobUnselected: {'identifier': 'drake'}
[0.003252] (-) JobUnselected: {'identifier': 'drake'}
[0.003277] (-) JobUnselected: {'identifier': 'drake'}
[0.003296] (-) JobUnselected: {'identifier': 'drake'}
[0.003312] (-) JobUnselected: {'identifier': 'drake'}
[0.003328] (-) JobUnselected: {'identifier': 'drake'}
[0.003371] (-) JobUnselected: {'identifier': 'drake'}
[0.003396] (-) JobUnselected: {'identifier': 'drake_models'}
[0.003417] (-) JobUnselected: {'identifier': 'drake_models'}
[0.003435] (-) JobUnselected: {'identifier': 'drake_models'}
[0.003454] (-) JobUnselected: {'identifier': 'drake_models'}
[0.003498] (-) JobUnselected: {'identifier': 'drake_models'}
[0.003517] (-) JobUnselected: {'identifier': 'drake_models'}
[0.003543] (-) JobUnselected: {'identifier': 'drake_models'}
[0.003561] (-) JobUnselected: {'identifier': 'drake_models'}
[0.003577] (-) JobUnselected: {'identifier': 'eigen3_cmake_module'}
[0.003596] (-) JobUnselected: {'identifier': 'eigen_stl_containers'}
[0.003629] (-) JobUnselected: {'identifier': 'eigenpy'}
[0.003669] (-) JobUnselected: {'identifier': 'fastrtps_cmake_module'}
[0.003688] (-) JobUnselected: {'identifier': 'filters'}
[0.003709] (-) JobUnselected: {'identifier': 'foonathan_memory_vendor'}
[0.003729] (-) JobUnselected: {'identifier': 'generate_parameter_library'}
[0.003746] (-) JobUnselected: {'identifier': 'generate_parameter_library_py'}
[0.003895] (-) JobUnselected: {'identifier': 'geometric_shapes'}
[0.004097] (-) JobUnselected: {'identifier': 'geometry2'}
[0.004166] (-) JobUnselected: {'identifier': 'geometry_msgs'}
[0.004233] (-) JobUnselected: {'identifier': 'geometry_msgs'}
[0.004296] (-) JobUnselected: {'identifier': 'gmock'}
[0.004334] (-) JobUnselected: {'identifier': 'gmock_vendor'}
[0.004403] (-) JobUnselected: {'identifier': 'gps_msgs'}
[0.004572] (-) JobUnselected: {'identifier': 'gtest'}
[0.004621] (-) JobUnselected: {'identifier': 'gtest_vendor'}
[0.004653] (-) JobUnselected: {'identifier': 'hardware_interface'}
[0.004686] (-) JobUnselected: {'identifier': 'hardware_interface_testing'}
[0.004722] (-) JobUnselected: {'identifier': 'hellolib'}
[0.004761] (-) JobUnselected: {'identifier': 'hellolib'}
[0.004801] (-) JobUnselected: {'identifier': 'hellolib'}
[0.004840] (-) JobUnselected: {'identifier': 'hellolib'}
[0.004876] (-) JobUnselected: {'identifier': 'hpp-fcl'}
[0.004915] (-) JobUnselected: {'identifier': 'ignition_cmake2_vendor'}
[0.004958] (-) JobUnselected: {'identifier': 'ignition_math6_vendor'}
[0.004997] (-) JobUnselected: {'identifier': 'image_transport'}
[0.005033] (-) JobUnselected: {'identifier': 'image_transport_plugins'}
[0.005072] (-) JobUnselected: {'identifier': 'interactive_markers'}
[0.005109] (-) JobUnselected: {'identifier': 'joint_state_broadcaster'}
[0.005148] (-) JobUnselected: {'identifier': 'joint_state_publisher'}
[0.005185] (-) JobUnselected: {'identifier': 'joint_state_publisher_gui'}
[0.005220] (-) JobUnselected: {'identifier': 'joint_trajectory_controller'}
[0.005256] (-) JobUnselected: {'identifier': 'kdl_parser'}
[0.005294] (-) JobUnselected: {'identifier': 'keyboard_handler'}
[0.005331] (-) JobUnselected: {'identifier': 'laser_geometry'}
[0.005376] (-) JobUnselected: {'identifier': 'launch'}
[0.005417] (-) JobUnselected: {'identifier': 'launch_ros'}
[0.005484] (-) JobUnselected: {'identifier': 'launch_testing'}
[0.005523] (-) JobUnselected: {'identifier': 'launch_testing_ament_cmake'}
[0.005557] (-) JobUnselected: {'identifier': 'launch_testing_ros'}
[0.005590] (-) JobUnselected: {'identifier': 'launch_xml'}
[0.005631] (-) JobUnselected: {'identifier': 'launch_yaml'}
[0.005671] (-) JobUnselected: {'identifier': 'lcm_ros2_bridge'}
[0.005710] (-) JobUnselected: {'identifier': 'liba'}
[0.005750] (-) JobUnselected: {'identifier': 'liba'}
[0.005936] (-) JobUnselected: {'identifier': 'libb'}
[0.006009] (-) JobUnselected: {'identifier': 'libb'}
[0.006225] (-) JobUnselected: {'identifier': 'libc'}
[0.006303] (-) JobUnselected: {'identifier': 'libcurl_vendor'}
[0.006365] (-) JobUnselected: {'identifier': 'libstatistics_collector'}
[0.006793] (-) JobUnselected: {'identifier': 'libstatistics_collector'}
[0.006828] (-) JobUnselected: {'identifier': 'libyaml_vendor'}
[0.006853] (-) JobUnselected: {'identifier': 'lifecycle_msgs'}
[0.006875] (-) JobUnselected: {'identifier': 'lifecycle_msgs'}
[0.007104] (-) JobUnselected: {'identifier': 'map_msgs'}
[0.007141] (-) JobUnselected: {'identifier': 'message_filters'}
[0.007164] (-) JobUnselected: {'identifier': 'moveit_common'}
[0.007181] (-) JobUnselected: {'identifier': 'moveit_core'}
[0.007196] (-) JobUnselected: {'identifier': 'moveit_kinematics'}
[0.007218] (-) JobUnselected: {'identifier': 'moveit_msgs'}
[0.007235] (-) JobUnselected: {'identifier': 'moveit_planners_ompl'}
[0.007253] (-) JobUnselected: {'identifier': 'moveit_ros_move_group'}
[0.007268] (-) JobUnselected: {'identifier': 'moveit_ros_occupancy_map_monitor'}
[0.007286] (-) JobUnselected: {'identifier': 'moveit_ros_planning'}
[0.007300] (-) JobUnselected: {'identifier': 'moveit_ros_planning_interface'}
[0.007314] (-) JobUnselected: {'identifier': 'moveit_ros_robot_interaction'}
[0.007337] (-) JobUnselected: {'identifier': 'moveit_ros_visualization'}
[0.007363] (-) JobUnselected: {'identifier': 'moveit_ros_warehouse'}
[0.007392] (-) JobUnselected: {'identifier': 'moveit_simple_controller_manager'}
[0.007417] (-) JobUnselected: {'identifier': 'my-test-package'}
[0.007439] (-) JobUnselected: {'identifier': 'nav_msgs'}
[0.007459] (-) JobUnselected: {'identifier': 'nav_msgs'}
[0.007503] (-) JobUnselected: {'identifier': 'object_recognition_msgs'}
[0.007529] (-) JobUnselected: {'identifier': 'octomap'}
[0.007552] (-) JobUnselected: {'identifier': 'octomap_msgs'}
[0.007575] (-) JobUnselected: {'identifier': 'ompl'}
[0.007590] (-) JobUnselected: {'identifier': 'orocos_kdl_vendor'}
[0.007980] (-) JobUnselected: {'identifier': 'osrf_pycommon'}
[0.008009] (-) JobUnselected: {'identifier': 'parameter_traits'}
[0.008030] (-) JobUnselected: {'identifier': 'pinocchio'}
[0.008051] (-) JobUnselected: {'identifier': 'plugin1'}
[0.008068] (-) JobUnselected: {'identifier': 'pluginlib'}
[0.008092] (-) JobUnselected: {'identifier': 'pybind11_vendor'}
[0.008110] (-) JobUnselected: {'identifier': 'python_cmake_module'}
[0.008126] (-) JobUnselected: {'identifier': 'python_orocos_kdl_vendor'}
[0.008142] (-) JobUnselected: {'identifier': 'python_qt_binding'}
[0.008158] (-) JobUnselected: {'identifier': 'qt_gui'}
[0.008184] (-) JobUnselected: {'identifier': 'qt_gui_cpp'}
[0.008205] (-) JobUnselected: {'identifier': 'qt_gui_py_common'}
[0.008221] (-) JobUnselected: {'identifier': 'random_numbers'}
[0.008258] (-) JobUnselected: {'identifier': 'rcl'}
[0.008282] (-) JobUnselected: {'identifier': 'rcl'}
[0.008303] (-) JobUnselected: {'identifier': 'rcl_action'}
[0.008326] (-) JobUnselected: {'identifier': 'rcl_action'}
[0.008353] (-) JobUnselected: {'identifier': 'rcl_interfaces'}
[0.008372] (-) JobUnselected: {'identifier': 'rcl_interfaces'}
[0.008389] (-) JobUnselected: {'identifier': 'rcl_lifecycle'}
[0.008405] (-) JobUnselected: {'identifier': 'rcl_lifecycle'}
[0.008421] (-) JobUnselected: {'identifier': 'rcl_logging_interface'}
[0.008451] (-) JobUnselected: {'identifier': 'rcl_logging_interface'}
[0.008476] (-) JobUnselected: {'identifier': 'rcl_logging_noop'}
[0.008493] (-) JobUnselected: {'identifier': 'rcl_logging_spdlog'}
[0.008510] (-) JobUnselected: {'identifier': 'rcl_logging_spdlog'}
[0.008532] (-) JobUnselected: {'identifier': 'rcl_yaml_param_parser'}
[0.008549] (-) JobUnselected: {'identifier': 'rcl_yaml_param_parser'}
[0.008568] (-) JobUnselected: {'identifier': 'rclcpp'}
[0.008591] (-) JobUnselected: {'identifier': 'rclcpp'}
[0.008608] (-) JobUnselected: {'identifier': 'rclcpp_action'}
[0.008631] (-) JobUnselected: {'identifier': 'rclcpp_action'}
[0.008647] (-) JobUnselected: {'identifier': 'rclcpp_components'}
[0.008664] (-) JobUnselected: {'identifier': 'rclcpp_components'}
[0.008687] (-) JobUnselected: {'identifier': 'rclcpp_lifecycle'}
[0.008703] (-) JobUnselected: {'identifier': 'rclcpp_lifecycle'}
[0.008720] (-) JobUnselected: {'identifier': 'rclpy'}
[0.008743] (-) JobUnselected: {'identifier': 'rcpputils'}
[0.008771] (-) JobUnselected: {'identifier': 'rcpputils'}
[0.008795] (-) JobUnselected: {'identifier': 'rcutils'}
[0.008818] (-) JobUnselected: {'identifier': 'rcutils'}
[0.008840] (-) JobUnselected: {'identifier': 'realtime_tools'}
[0.008864] (-) JobUnselected: {'identifier': 'resource_retriever'}
[0.008886] (-) JobUnselected: {'identifier': 'rmw'}
[0.008920] (-) JobUnselected: {'identifier': 'rmw'}
[0.008942] (-) JobUnselected: {'identifier': 'rmw_cyclonedds_cpp'}
[0.008966] (-) JobUnselected: {'identifier': 'rmw_cyclonedds_cpp'}
[0.008995] (-) JobUnselected: {'identifier': 'rmw_dds_common'}
[0.009015] (-) JobUnselected: {'identifier': 'rmw_dds_common'}
[0.009038] (-) JobUnselected: {'identifier': 'rmw_fastrtps_cpp'}
[0.009066] (-) JobUnselected: {'identifier': 'rmw_fastrtps_shared_cpp'}
[0.009090] (-) JobUnselected: {'identifier': 'rmw_implementation'}
[0.009117] (-) JobUnselected: {'identifier': 'rmw_implementation'}
[0.009141] (-) JobUnselected: {'identifier': 'rmw_implementation_cmake'}
[0.009162] (-) JobUnselected: {'identifier': 'rmw_implementation_cmake'}
[0.009185] (-) JobUnselected: {'identifier': 'robot_state_publisher'}
[0.009213] (-) JobUnselected: {'identifier': 'ros2_control_test_assets'}
[0.009238] (-) JobUnselected: {'identifier': 'ros2action'}
[0.009266] (-) JobUnselected: {'identifier': 'ros2bag'}
[0.009284] (-) JobUnselected: {'identifier': 'ros2cli'}
[0.009311] (-) JobUnselected: {'identifier': 'ros2cli_common_extensions'}
[0.009347] (-) JobUnselected: {'identifier': 'ros2component'}
[0.009365] (-) JobUnselected: {'identifier': 'ros2controlcli'}
[0.009382] (-) JobUnselected: {'identifier': 'ros2doctor'}
[0.009408] (-) JobUnselected: {'identifier': 'ros2interface'}
[0.009454] (-) JobUnselected: {'identifier': 'ros2launch'}
[0.009478] (-) JobUnselected: {'identifier': 'ros2lifecycle'}
[0.009501] (-) JobUnselected: {'identifier': 'ros2multicast'}
[0.009519] (-) JobUnselected: {'identifier': 'ros2node'}
[0.009546] (-) JobUnselected: {'identifier': 'ros2param'}
[0.009570] (-) JobUnselected: {'identifier': 'ros2pkg'}
[0.009592] (-) JobUnselected: {'identifier': 'ros2run'}
[0.009610] (-) JobUnselected: {'identifier': 'ros2service'}
[0.009628] (-) JobUnselected: {'identifier': 'ros2topic'}
[0.009645] (-) JobUnselected: {'identifier': 'ros2trace'}
[0.009663] (-) JobUnselected: {'identifier': 'ros_base'}
[0.009684] (-) JobUnselected: {'identifier': 'ros_core'}
[0.009707] (-) JobUnselected: {'identifier': 'ros_environment'}
[0.009726] (-) JobUnselected: {'identifier': 'ros_gz'}
[0.009774] (-) JobUnselected: {'identifier': 'ros_gz_bridge'}
[0.009795] (-) JobUnselected: {'identifier': 'ros_gz_image'}
[0.009827] (-) JobUnselected: {'identifier': 'ros_gz_interfaces'}
[0.009846] (-) JobUnselected: {'identifier': 'ros_gz_sim'}
[0.009875] (-) JobUnselected: {'identifier': 'ros_gz_sim_demos'}
[0.009900] (-) JobUnselected: {'identifier': 'ros_workspace'}
[0.009919] (-) JobUnselected: {'identifier': 'rosbag2'}
[0.009940] (-) JobUnselected: {'identifier': 'rosbag2_compression'}
[0.009960] (-) JobUnselected: {'identifier': 'rosbag2_compression_zstd'}
[0.009984] (-) JobUnselected: {'identifier': 'rosbag2_cpp'}
[0.010005] (-) JobUnselected: {'identifier': 'rosbag2_interfaces'}
[0.010023] (-) JobUnselected: {'identifier': 'rosbag2_py'}
[0.010045] (-) JobUnselected: {'identifier': 'rosbag2_storage'}
[0.010069] (-) JobUnselected: {'identifier': 'rosbag2_storage_default_plugins'}
[0.010086] (-) JobUnselected: {'identifier': 'rosbag2_transport'}
[0.010112] (-) JobUnselected: {'identifier': 'rosgraph_msgs'}
[0.010131] (-) JobUnselected: {'identifier': 'rosgraph_msgs'}
[0.010151] (-) JobUnselected: {'identifier': 'rosidl_adapter'}
[0.010172] (-) JobUnselected: {'identifier': 'rosidl_adapter'}
[0.010194] (-) JobUnselected: {'identifier': 'rosidl_cli'}
[0.010216] (-) JobUnselected: {'identifier': 'rosidl_cli'}
[0.010234] (-) JobUnselected: {'identifier': 'rosidl_cmake'}
[0.010259] (-) JobUnselected: {'identifier': 'rosidl_cmake'}
[0.010278] (-) JobUnselected: {'identifier': 'rosidl_default_generators'}
[0.010302] (-) JobUnselected: {'identifier': 'rosidl_default_runtime'}
[0.010323] (-) JobUnselected: {'identifier': 'rosidl_generator_c'}
[0.010351] (-) JobUnselected: {'identifier': 'rosidl_generator_c'}
[0.010376] (-) JobUnselected: {'identifier': 'rosidl_generator_cpp'}
[0.010395] (-) JobUnselected: {'identifier': 'rosidl_generator_cpp'}
[0.010420] (-) JobUnselected: {'identifier': 'rosidl_generator_py'}
[0.010436] (-) JobUnselected: {'identifier': 'rosidl_parser'}
[0.010455] (-) JobUnselected: {'identifier': 'rosidl_parser'}
[0.010476] (-) JobUnselected: {'identifier': 'rosidl_runtime_c'}
[0.010497] (-) JobUnselected: {'identifier': 'rosidl_runtime_c'}
[0.010515] (-) JobUnselected: {'identifier': 'rosidl_runtime_cpp'}
[0.010533] (-) JobUnselected: {'identifier': 'rosidl_runtime_cpp'}
[0.010556] (-) JobUnselected: {'identifier': 'rosidl_runtime_py'}
[0.010577] (-) JobUnselected: {'identifier': 'rosidl_typesupport_c'}
[0.010599] (-) JobUnselected: {'identifier': 'rosidl_typesupport_c'}
[0.010621] (-) JobUnselected: {'identifier': 'rosidl_typesupport_cpp'}
[0.010638] (-) JobUnselected: {'identifier': 'rosidl_typesupport_cpp'}
[0.010658] (-) JobUnselected: {'identifier': 'rosidl_typesupport_fastrtps_c'}
[0.010683] (-) JobUnselected: {'identifier': 'rosidl_typesupport_fastrtps_cpp'}
[0.010704] (-) JobUnselected: {'identifier': 'rosidl_typesupport_interface'}
[0.010724] (-) JobUnselected: {'identifier': 'rosidl_typesupport_interface'}
[0.010740] (-) JobUnselected: {'identifier': 'rosidl_typesupport_introspection_c'}
[0.010760] (-) JobUnselected: {'identifier': 'rosidl_typesupport_introspection_c'}
[0.010779] (-) JobUnselected: {'identifier': 'rosidl_typesupport_introspection_cpp'}
[0.010799] (-) JobUnselected: {'identifier': 'rosidl_typesupport_introspection_cpp'}
[0.010817] (-) JobUnselected: {'identifier': 'rosidl_typesupport_introspection_tests'}
[0.010843] (-) JobUnselected: {'identifier': 'rpyutils'}
[0.010860] (-) JobUnselected: {'identifier': 'rqt_gui'}
[0.010886] (-) JobUnselected: {'identifier': 'rqt_gui_cpp'}
[0.010908] (-) JobUnselected: {'identifier': 'rqt_gui_py'}
[0.010930] (-) JobUnselected: {'identifier': 'rqt_image_view'}
[0.010947] (-) JobUnselected: {'identifier': 'rqt_plot'}
[0.010965] (-) JobUnselected: {'identifier': 'rqt_py_common'}
[0.010989] (-) JobUnselected: {'identifier': 'rqt_topic'}
[0.011009] (-) JobUnselected: {'identifier': 'ruckig'}
[0.011028] (-) JobUnselected: {'identifier': 'rviz2'}
[0.011049] (-) JobUnselected: {'identifier': 'rviz_assimp_vendor'}
[0.011065] (-) JobUnselected: {'identifier': 'rviz_common'}
[0.011095] (-) JobUnselected: {'identifier': 'rviz_default_plugins'}
[0.011114] (-) JobUnselected: {'identifier': 'rviz_ogre_vendor'}
[0.011136] (-) JobUnselected: {'identifier': 'rviz_rendering'}
[0.011158] (-) JobUnselected: {'identifier': 'sdformat_urdf'}
[0.011180] (-) JobUnselected: {'identifier': 'sensor_msgs'}
[0.011203] (-) JobUnselected: {'identifier': 'sensor_msgs'}
[0.011223] (-) JobUnselected: {'identifier': 'sensor_msgs_py'}
[0.011244] (-) JobUnselected: {'identifier': 'sensor_msgs_py'}
[0.011268] (-) JobUnselected: {'identifier': 'shape_msgs'}
[0.011285] (-) JobUnselected: {'identifier': 'shape_msgs'}
[0.011305] (-) JobUnselected: {'identifier': 'shared_queues_vendor'}
[0.011322] (-) JobUnselected: {'identifier': 'six'}
[0.011343] (-) JobUnselected: {'identifier': 'spdlog'}
[0.011364] (-) JobUnselected: {'identifier': 'spdlog_vendor'}
[0.011381] (-) JobUnselected: {'identifier': 'sqlite3_vendor'}
[0.011397] (-) JobUnselected: {'identifier': 'srdfdom'}
[0.011413] (-) JobUnselected: {'identifier': 'sros2'}
[0.011430] (-) JobUnselected: {'identifier': 'sros2_cmake'}
[0.011487] (-) JobUnselected: {'identifier': 'statistics_msgs'}
[0.011750] (-) JobUnselected: {'identifier': 'statistics_msgs'}
[0.011772] (-) JobUnselected: {'identifier': 'std_msgs'}
[0.011786] (-) JobUnselected: {'identifier': 'std_msgs'}
[0.011801] (-) JobUnselected: {'identifier': 'std_srvs'}
[0.011814] (-) JobUnselected: {'identifier': 'std_srvs'}
[0.011828] (-) JobUnselected: {'identifier': 'stereo_msgs'}
[0.011840] (-) JobUnselected: {'identifier': 'stereo_msgs'}
[0.011854] (-) JobUnselected: {'identifier': 'tango_icons_vendor'}
[0.011872] (-) JobUnselected: {'identifier': 'tcb_span'}
[0.011906] (-) JobUnselected: {'identifier': 'test_msgs'}
[0.011921] (-) JobUnselected: {'identifier': 'test_rmw_implementation'}
[0.011980] (-) JobUnselected: {'identifier': 'test_tracetools'}
[0.012006] (-) JobUnselected: {'identifier': 'test_tracetools_launch'}
[0.012215] (-) JobUnselected: {'identifier': 'tf2'}
[0.012256] (-) JobUnselected: {'identifier': 'tf2_bullet'}
[0.012327] (-) JobUnselected: {'identifier': 'tf2_eigen'}
[0.012485] (-) JobUnselected: {'identifier': 'tf2_eigen_kdl'}
[0.012515] (-) JobUnselected: {'identifier': 'tf2_geometry_msgs'}
[0.012550] (-) JobUnselected: {'identifier': 'tf2_kdl'}
[0.012571] (-) JobUnselected: {'identifier': 'tf2_msgs'}
[0.012588] (-) JobUnselected: {'identifier': 'tf2_py'}
[0.012605] (-) JobUnselected: {'identifier': 'tf2_ros'}
[0.012644] (-) JobUnselected: {'identifier': 'tf2_ros_py'}
[0.012722] (-) JobUnselected: {'identifier': 'tf2_sensor_msgs'}
[0.012756] (-) JobUnselected: {'identifier': 'tf2_tools'}
[0.012795] (-) JobUnselected: {'identifier': 'theora_image_transport'}
[0.012813] (-) JobUnselected: {'identifier': 'tinyxml2_vendor'}
[0.012837] (-) JobUnselected: {'identifier': 'tinyxml_vendor'}
[0.012979] (-) JobUnselected: {'identifier': 'tl_expected'}
[0.013011] (-) JobUnselected: {'identifier': 'tracetools'}
[0.013067] (-) JobUnselected: {'identifier': 'tracetools'}
[0.013092] (-) JobUnselected: {'identifier': 'tracetools_launch'}
[0.013120] (-) JobUnselected: {'identifier': 'tracetools_read'}
[0.013138] (-) JobUnselected: {'identifier': 'tracetools_test'}
[0.013154] (-) JobUnselected: {'identifier': 'tracetools_trace'}
[0.013170] (-) JobUnselected: {'identifier': 'trajectory_msgs'}
[0.013299] (-) JobUnselected: {'identifier': 'trajectory_msgs'}
[0.013340] (-) JobUnselected: {'identifier': 'uncrustify_vendor'}
[0.013396] (-) JobUnselected: {'identifier': 'unique_identifier_msgs'}
[0.013447] (-) JobUnselected: {'identifier': 'urdf'}
[0.013482] (-) JobUnselected: {'identifier': 'urdf_parser_plugin'}
[0.013512] (-) JobUnselected: {'identifier': 'urdfdom'}
[0.013544] (-) JobUnselected: {'identifier': 'urdfdom_py'}
[0.013569] (-) JobUnselected: {'identifier': 'vision_msgs'}
[0.013628] (-) JobUnselected: {'identifier': 'visualization_msgs'}
[0.013650] (-) JobUnselected: {'identifier': 'visualization_msgs'}
[0.013668] (-) JobUnselected: {'identifier': 'warehouse_ros'}
[0.013719] (-) JobUnselected: {'identifier': 'xacro'}
[0.013747] (-) JobUnselected: {'identifier': 'yaml'}
[0.013775] (-) JobUnselected: {'identifier': 'yaml_cpp_vendor'}
[0.013799] (-) JobUnselected: {'identifier': 'zlib-example'}
[0.013819] (-) JobUnselected: {'identifier': 'zstd_vendor'}
[0.013871] (franka_driver_msgs) JobQueued: {'identifier': 'franka_driver_msgs', 'dependencies': OrderedDict([('gtest', '/home/yaashiagautam/drake-franka-driver/install/gtest'), ('gtest_vendor', '/home/yaashiagautam/drake-franka-driver/install/gtest_vendor'), ('gmock_vendor', '/home/yaashiagautam/drake-franka-driver/install/gmock_vendor')])}
[0.013912] (franka_driver_msgs) JobStarted: {'identifier': 'franka_driver_msgs'}
[0.019813] (franka_driver_msgs) JobEnded: {'identifier': 'franka_driver_msgs', 'rc': 1}
[0.030739] (-) EventReactorShutdown: {}
